LTspice 26.0.2 for Windows
Circuit: C:\b2\w\cm_dc.cir
Start Time: Thu Oct  8 00:01:37 2026
solver = Normal
Maximum thread count: 12
tnom = 27
temp = 27
method = trap
Direct Newton iteration failed to find operating point.
Starting Gmin stepping
Gmin stepping succeeded in finding the operating point.

.step gain=1
Direct Newton iteration failed to find operating point.
Starting Gmin stepping
Gmin stepping succeeded in finding the operating point.

Direct Newton iteration failed to find operating point.
Starting Gmin stepping
Gmin stepping succeeded in finding the operating point.

.step gain=10
Total elapsed time: 0.405 seconds.

Files loaded:
C:\b2\w\cm_dc.cir
C:\Users\Keneth\Desktop\S3G4 LAB\Simulation_LTSpice\models\OPA2188\OPAx188.LIB


Measurement: o2
  step	v(out) 	at
     1	1.99998760223	2
     2	4.77881860733	2

Measurement: o30
  step	v(out) 	at
     1	2.99998736382	3
     2	4.7789440155	3

Measurement: o34
  step	v(out) 	at
     1	3.39998722076	3.4
     2	4.7789940834	3.4

Measurement: o36
  step	v(out) 	at
     1	3.39999508858	3.6
     2	4.77901887894	3.6

Measurement: o40
  step	v(out) 	at
     1	3.39999508858	4
     2	4.77906942368	4

Measurement: o42
  step	v(out) 	at
     1	3.39999508858	4.2
     2	4.77909421921	4.2

Measurement: o45
  step	v(out) 	at
     1	3.39999508858	4.5
     2	4.77913188934	4.5

Measurement: ib30
  step	i(Rp) 	at
     1	1.7434871602e-10	3
     2	1.84133241419e-05	3

Measurement: ib40
  step	i(Rp) 	at
     1	6.17550277582e-09	4
     2	2.84164270852e-05	4
