LTspice 26.0.2 for Windows
Circuit: C:\b2\w\amp_ac.cir
Start Time: Thu Oct  8 00:00:58 2026

.step gain=1
solver = Normal
Maximum thread count: 12
tnom = 27
temp = 27
method = trap
Direct Newton iteration succeeded in finding operating point.

.step gain=10
Direct Newton iteration succeeded in finding operating point.
Total elapsed time: 0.222 seconds.

Files loaded:
C:\b2\w\amp_ac.cir
C:\Users\Keneth\Desktop\S3G4 LAB\Simulation_LTSpice\models\OPA2188\OPAx188.LIB


Measurement: g20k
  step	mag(v(out)) 	at
     1	(-0.000267577693748dB,0°)	20000
     2	(19.9621650092dB,0°)	20000

Measurement: g50k
  step	mag(v(out)) 	at
     1	(-0.00147498407901dB,0°)	50000
     2	(19.7731350727dB,0°)	50000

Measurement: g100k
  step	mag(v(out)) 	at
     1	(-0.00412907081182dB,0°)	100000
     2	(19.1787140696dB,0°)	100000

Measurement: g200k
  step	mag(v(out)) 	at
     1	(-0.0189651632122dB,0°)	200000
     2	(17.1536923964dB,0°)	200000

Measurement: g1m
  step	mag(v(out)) 	at
     1	(-0.740453780584dB,0°)	1000000
     2	(6.52025983823dB,0°)	1000000
