LTspice 26.0.2 for Windows
Circuit: C:\b2\w\t_0.1_20k.cir
Start Time: Thu Oct  8 00:00:41 2026
solver = Normal
Maximum thread count: 12
tnom = 27
temp = 27
method = trap
Direct Newton iteration succeeded in finding operating point.
Total elapsed time: 0.675 seconds.

Files loaded:
C:\b2\w\t_0.1_20k.cir
C:\Users\Keneth\Desktop\S3G4 LAB\Simulation_LTSpice\models\OPA2188\OPAx188.LIB
C:\b2\w\bav199_mod.lib

Fourier components of v(out)
N-Period=1
DC component:-1.1843e-05

Harmonic	Frequency	 Fourier 	Normalized	 Phase  	Normalized
 Number 	  [Hz]   	Component	 Component	[degree]	Phase [deg]
    1   	 2.000e+04	 1.720e+00	 1.000e+00	  121.28°	    0.00°
    2   	 4.000e+04	 3.567e-02	 2.074e-02	   22.45°	  -98.83°
    3   	 6.000e+04	 1.605e-03	 9.328e-04	  -68.04°	 -189.32°
    4   	 8.000e+04	 9.255e-05	 5.381e-05	 -153.61°	 -274.89°
    5   	 1.000e+05	 6.450e-06	 3.750e-06	  114.23°	   -7.05°
Partial Harmonic Distortion: 2.075729%
Total Harmonic Distortion:   2.075700%

vpk: MAX(v(out) )=1.69384336472 FROM 0.001 TO 0.004
vmn: MIN(v(out) )=-1.74865555763 FROM 0.001 TO 0.004
vrms: RMS(v(out) )=1.21650358645 FROM 0.001 TO 0.004
