LTspice 26.0.2 for Windows
Circuit: C:\b2\w\t_0_20k.cir
Start Time: Thu Oct  8 00:00:35 2026
solver = Normal
Maximum thread count: 12
tnom = 27
temp = 27
method = trap
Direct Newton iteration succeeded in finding operating point.
Total elapsed time: 0.712 seconds.

Files loaded:
C:\b2\w\t_0_20k.cir
C:\Users\Keneth\Desktop\S3G4 LAB\Simulation_LTSpice\models\OPA2188\OPAx188.LIB
C:\b2\w\bav199_mod.lib

Fourier components of v(out)
N-Period=1
DC component:-1.18621e-05

Harmonic	Frequency	 Fourier 	Normalized	 Phase  	Normalized
 Number 	  [Hz]   	Component	 Component	[degree]	Phase [deg]
    1   	 2.000e+04	 1.720e+00	 1.000e+00	  121.31°	    0.00°
    2   	 4.000e+04	 2.443e-07	 1.420e-07	  163.82°	   42.51°
    3   	 6.000e+04	 1.100e-04	 6.394e-05	  154.69°	   33.37°
    4   	 8.000e+04	 1.833e-07	 1.065e-07	  123.23°	    1.92°
    5   	 1.000e+05	 1.076e-06	 6.258e-07	   55.42°	  -65.89°
Partial Harmonic Distortion: 0.006394%
Total Harmonic Distortion:   0.000000%

vpk: MAX(v(out) )=1.72021067142 FROM 0.001 TO 0.004
vmn: MIN(v(out) )=-1.72023415565 FROM 0.001 TO 0.004
vrms: RMS(v(out) )=1.21635497182 FROM 0.001 TO 0.004
