LTspice 26.0.2 for Windows
Circuit: C:\b2\w\x0_ac.cir
Start Time: Wed Oct  7 23:57:31 2026

.step gain=1
solver = Normal
Maximum thread count: 12
tnom = 27
temp = 27
method = trap
Direct Newton iteration succeeded in finding operating point.

.step gain=10
Direct Newton iteration succeeded in finding operating point.
Total elapsed time: 0.232 seconds.

Files loaded:
C:\b2\w\x0_ac.cir
C:\Users\Keneth\Desktop\S3G4 LAB\Simulation_LTSpice\models\OPA2188\OPAx188.LIB


Measurement: g40
  step	mag(v(out)) 	at
     1	(-9.97485548882e-06dB,0°)	40
     2	(19.9999852962dB,0°)	40

Measurement: g1k
  step	mag(v(out)) 	at
     1	(-0.00411317047134dB,0°)	1000
     2	(19.9959309209dB,0°)	1000

Measurement: g5k
  step	mag(v(out)) 	at
     1	(-0.10162385065dB,0°)	5000
     2	(19.8994960724dB,0°)	5000

Measurement: g10k
  step	mag(v(out)) 	at
     1	(-0.392864845789dB,0°)	10000
     2	(19.6105734885dB,0°)	10000

Measurement: g20k
  step	mag(v(out)) 	at
     1	(-1.3949435315dB,0°)	20000
     2	(18.606050643dB,0°)	20000

Measurement: g50k
  step	mag(v(out)) 	at
     1	(-5.27335768885dB,0°)	50000
     2	(14.5588956881dB,0°)	50000
