1/546 timeout P3_t25_vo_ohm_k1_rs100_pwr1_body0_rail0d98_open0d02_actual0d023_ph0_i1em06_tap6_mains_amp230_f60_fuse1_macrofull_ptc60 30.43s
2/546 timeout P3_t25_vo_ohm_k1_rs100_pwr1_body0_rail0d98_open0d1_actual0d10300000000000001_ph0_i1em06_tap6_mains_amp230_f60_fuse1_macrofull_ptc60 30.45s
3/546 timeout P3_t25_vo_ohm_k1_rs100_pwr1_body0_rail0d98_open0d1_actual0d10300000000000001_ph0_i1em06_tap6_mains_amp230_f60_fuse1_macrofull_ptc40 30.45s
4/546 timeout P3_t25_vo_ohm_k1_rs100_pwr1_body0_rail0d98_open0d1_actual0d10300000000000001_ph0_i0d001_tap6_mains_amp230_f60_fuse1_macrofull_ptc60 30.45s
5/546 timeout P3_t25_vo_ohm_k1_rs100_pwr1_body0_rail0d98_open0d02_actual0d023_ph0_i1em06_tap6_mains_amp230_f60_fuse1_macrofull_ptc40 30.46s
6/546 timeout P3_t25_vo_ohm_k1_rs100_pwr1_body0_rail0d98_open0d02_actual0d023_ph0_i0_tap6_mains_amp230_f60_fuse1_macrofull_ptc40 30.47s
7/546 timeout P3_t25_vo_ohm_k1_rs100_pwr1_body0_rail0d98_open0d02_actual0d023_ph0_i0d001_tap6_mains_amp230_f60_fuse1_macrofull_ptc60 30.48s
8/546 timeout P3_t25_vo_ohm_k1_rs100_pwr1_body0_rail0d98_open0d02_actual0d023_ph0_i0d001_tap6_mains_amp230_f60_fuse1_macrofull_ptc40 30.48s
9/546 timeout P3_t25_vo_ohm_k1_rs100_pwr1_body0_rail0d98_open0d02_actual0d023_ph0_i0_tap6_mains_amp230_f60_fuse1_macrofull_ptc60 30.49s
10/546 timeout P3_t25_vo_ohm_k1_rs100_pwr1_body0_rail0d98_open0d1_actual0d10300000000000001_ph0_i0d001_tap6_mains_amp230_f60_fuse1_macrofull_ptc40 30.53s
11/546 timeout P3_t25_vo_ohm_k1_rs100_pwr1_body0_rail0d98_open0d1_actual0d10300000000000001_ph0_i0_tap6_mains_amp230_f60_fuse1_macrofull_ptc60 30.43s
12/546 timeout P3_t25_vo_ohm_k1_rs100_pwr1_body0_rail0d98_opennever_actualnever_ph0_i0d001_tap6_mains_amp230_f60_fuse1_macrofull_ptc60 30.47s
13/546 timeout P3_t25_vo_ohm_k1_rs100_pwr1_body0_rail0d98_open0d02_actual0d023_ph90_i0d001_tap6_mains_amp230_f60_fuse1_macrofull_ptc40 30.45s
14/546 timeout P3_t25_vo_ohm_k1_rs100_pwr1_body0_rail0d98_open0d1_actual0d10300000000000001_ph0_i0_tap6_mains_amp230_f60_fuse1_macrofull_ptc40 30.52s
15/546 timeout P3_t25_vo_ohm_k1_rs100_pwr1_body0_rail0d98_opennever_actualnever_ph0_i1em06_tap6_mains_amp230_f60_fuse1_macrofull_ptc40 30.49s
16/546 timeout P3_t25_vo_ohm_k1_rs100_pwr1_body0_rail0d98_opennever_actualnever_ph0_i0_tap6_mains_amp230_f60_fuse1_macrofull_ptc40 30.49s
17/546 timeout P3_t25_vo_ohm_k1_rs100_pwr1_body0_rail0d98_opennever_actualnever_ph0_i1em06_tap6_mains_amp230_f60_fuse1_macrofull_ptc60 30.52s
18/546 timeout P3_t25_vo_ohm_k1_rs100_pwr1_body0_rail0d98_opennever_actualnever_ph0_i0_tap6_mains_amp230_f60_fuse1_macrofull_ptc60 30.54s
19/546 timeout P3_t25_vo_ohm_k1_rs100_pwr1_body0_rail0d98_opennever_actualnever_ph0_i0d001_tap6_mains_amp230_f60_fuse1_macrofull_ptc40 30.58s
20/546 timeout P3_t25_vo_ohm_k1_rs100_pwr1_body0_rail0d98_open0d02_actual0d023_ph90_i0d001_tap6_mains_amp230_f60_fuse1_macrofull_ptc60 30.51s
21/546 timeout P3_t25_vo_ohm_k1_rs100_pwr1_body0_rail0d98_open0d1_actual0d10300000000000001_ph90_i1em06_tap6_mains_amp230_f60_fuse1_macrofull_ptc40 30.41s
22/546 timeout P3_t25_vo_ohm_k1_rs100_pwr1_body0_rail0d98_open0d02_actual0d023_ph90_i1em06_tap6_mains_amp230_f60_fuse1_macrofull_ptc40 30.51s
23/546 timeout P3_t25_vo_ohm_k1_rs100_pwr1_body0_rail0d98_open0d02_actual0d023_ph90_i1em06_tap6_mains_amp230_f60_fuse1_macrofull_ptc60 30.49s
24/546 timeout P3_t25_vo_ohm_k1_rs100_pwr1_body0_rail0d98_open0d02_actual0d023_ph90_i0_tap6_mains_amp230_f60_fuse1_macrofull_ptc60 30.51s
25/546 timeout P3_t25_vo_ohm_k1_rs100_pwr1_body0_rail0d98_open0d1_actual0d10300000000000001_ph90_i0d001_tap6_mains_amp230_f60_fuse1_macrofull_ptc40 30.53s
26/546 timeout P3_t25_vo_ohm_k1_rs100_pwr1_body0_rail0d98_open0d02_actual0d023_ph90_i0_tap6_mains_amp230_f60_fuse1_macrofull_ptc40 30.55s
27/546 timeout P3_t25_vo_ohm_k1_rs100_pwr1_body0_rail0d98_open0d1_actual0d10300000000000001_ph90_i1em06_tap6_mains_amp230_f60_fuse1_macrofull_ptc60 30.47s
28/546 timeout P3_t25_vo_ohm_k1_rs100_pwr1_body0_rail0d98_open0d1_actual0d10300000000000001_ph90_i0_tap6_mains_amp230_f60_fuse1_macrofull_ptc40 30.48s
29/546 timeout P3_t25_vo_ohm_k1_rs100_pwr1_body0_rail0d98_open0d1_actual0d10300000000000001_ph90_i0d001_tap6_mains_amp230_f60_fuse1_macrofull_ptc60 30.55s
30/546 timeout P3_t25_vo_ohm_k1_rs100_pwr1_body0_rail0d98_open0d1_actual0d10300000000000001_ph90_i0_tap6_mains_amp230_f60_fuse1_macrofull_ptc60 30.51s
31/546 timeout P3_t25_vo_ohm_k1_rs100_pwr1_body0_rail0d98_opennever_actualnever_ph90_i0d001_tap6_mains_amp230_f60_fuse1_macrofull_ptc60 30.45s
32/546 timeout P3_t25_vo_ohm_k1_rs100_pwr1_body0_rail0d98_opennever_actualnever_ph90_i1em06_tap6_mains_amp230_f60_fuse1_macrofull_ptc60 30.46s
33/546 timeout P3_t25_vo_ohm_k1_rs100_pwr1_body0_rail0d98_opennever_actualnever_ph90_i0_tap6_mains_amp230_f60_fuse1_macrofull_ptc60 30.44s
34/546 timeout P3_t25_vo_ohm_k1_rs100_pwr1_body0_rail0d98_opennever_actualnever_ph90_i1em06_tap6_mains_amp230_f60_fuse1_macrofull_ptc40 30.53s
35/546 timeout P3_t25_vo_ohm_k1_rs100_pwr1_body0_rail0d98_opennever_actualnever_ph90_i0d001_tap6_mains_amp230_f60_fuse1_macrofull_ptc40 30.56s
36/546 timeout P3_t25_vo_ohm_k1_rs100_pwr1_body0_rail1_open0d02_actual0d023_ph0_i0d001_tap6_mains_amp230_f60_fuse1_macrofull_ptc40 30.51s
37/546 timeout P3_t25_vo_ohm_k1_rs100_pwr1_body0_rail0d98_opennever_actualnever_ph90_i0_tap6_mains_amp230_f60_fuse1_macrofull_ptc40 30.54s
38/546 timeout P3_t25_vo_ohm_k1_rs100_pwr1_body0_rail1_open0d02_actual0d023_ph0_i1em06_tap6_mains_amp230_f60_fuse1_macrofull_ptc60 30.48s
39/546 timeout P3_t25_vo_ohm_k1_rs100_pwr1_body0_rail1_open0d02_actual0d023_ph0_i1em06_tap6_mains_amp230_f60_fuse1_macrofull_ptc40 30.51s
40/546 timeout P3_t25_vo_ohm_k1_rs100_pwr1_body0_rail1_open0d02_actual0d023_ph0_i0d001_tap6_mains_amp230_f60_fuse1_macrofull_ptc60 30.54s
41/546 timeout P3_t25_vo_ohm_k1_rs100_pwr1_body0_rail1_open0d02_actual0d023_ph0_i0_tap6_mains_amp230_f60_fuse1_macrofull_ptc40 30.54s
42/546 timeout P3_t25_vo_ohm_k1_rs100_pwr1_body0_rail1_open0d1_actual0d10300000000000001_ph0_i1em06_tap6_mains_amp230_f60_fuse1_macrofull_ptc40 30.53s
43/546 timeout P3_t25_vo_ohm_k1_rs100_pwr1_body0_rail1_open0d1_actual0d10300000000000001_ph0_i0_tap6_mains_amp230_f60_fuse1_macrofull_ptc40 30.51s
44/546 timeout P3_t25_vo_ohm_k1_rs100_pwr1_body0_rail1_open0d02_actual0d023_ph0_i0_tap6_mains_amp230_f60_fuse1_macrofull_ptc60 30.63s
45/546 timeout P3_t25_vo_ohm_k1_rs100_pwr1_body0_rail1_open0d1_actual0d10300000000000001_ph0_i0d001_tap6_mains_amp230_f60_fuse1_macrofull_ptc40 30.61s
46/546 timeout P3_t25_vo_ohm_k1_rs100_pwr1_body0_rail1_open0d1_actual0d10300000000000001_ph0_i0d001_tap6_mains_amp230_f60_fuse1_macrofull_ptc60 30.60s
47/546 timeout P3_t25_vo_ohm_k1_rs100_pwr1_body0_rail1_open0d1_actual0d10300000000000001_ph0_i1em06_tap6_mains_amp230_f60_fuse1_macrofull_ptc60 30.57s
48/546 timeout P3_t25_vo_ohm_k1_rs100_pwr1_body0_rail1_opennever_actualnever_ph0_i0d001_tap6_mains_amp230_f60_fuse1_macrofull_ptc40 30.56s
49/546 timeout P3_t25_vo_ohm_k1_rs100_pwr1_body0_rail1_opennever_actualnever_ph0_i0d001_tap6_mains_amp230_f60_fuse1_macrofull_ptc60 30.52s
50/546 timeout P3_t25_vo_ohm_k1_rs100_pwr1_body0_rail1_open0d1_actual0d10300000000000001_ph0_i0_tap6_mains_amp230_f60_fuse1_macrofull_ptc60 30.64s
51/546 timeout P3_t25_vo_ohm_k1_rs100_pwr1_body0_rail1_opennever_actualnever_ph0_i1em06_tap6_mains_amp230_f60_fuse1_macrofull_ptc40 30.49s
52/546 timeout P3_t25_vo_ohm_k1_rs100_pwr1_body0_rail1_opennever_actualnever_ph0_i0_tap6_mains_amp230_f60_fuse1_macrofull_ptc60 30.40s
53/546 timeout P3_t25_vo_ohm_k1_rs100_pwr1_body0_rail1_opennever_actualnever_ph0_i1em06_tap6_mains_amp230_f60_fuse1_macrofull_ptc60 30.47s
54/546 timeout P3_t25_vo_ohm_k1_rs100_pwr1_body0_rail1_open0d02_actual0d023_ph90_i0d001_tap6_mains_amp230_f60_fuse1_macrofull_ptc60 30.42s
55/546 timeout P3_t25_vo_ohm_k1_rs100_pwr1_body0_rail1_open0d02_actual0d023_ph90_i0d001_tap6_mains_amp230_f60_fuse1_macrofull_ptc40 30.50s
56/546 timeout P3_t25_vo_ohm_k1_rs100_pwr1_body0_rail1_opennever_actualnever_ph0_i0_tap6_mains_amp230_f60_fuse1_macrofull_ptc40 30.55s
57/546 timeout P3_t25_vo_ohm_k1_rs100_pwr1_body0_rail1_open0d02_actual0d023_ph90_i1em06_tap6_mains_amp230_f60_fuse1_macrofull_ptc40 30.47s
58/546 timeout P3_t25_vo_ohm_k1_rs100_pwr1_body0_rail1_open0d02_actual0d023_ph90_i0_tap6_mains_amp230_f60_fuse1_macrofull_ptc60 30.47s
59/546 timeout P3_t25_vo_ohm_k1_rs100_pwr1_body0_rail1_open0d02_actual0d023_ph90_i1em06_tap6_mains_amp230_f60_fuse1_macrofull_ptc60 30.52s
60/546 timeout P3_t25_vo_ohm_k1_rs100_pwr1_body0_rail1_open0d02_actual0d023_ph90_i0_tap6_mains_amp230_f60_fuse1_macrofull_ptc40 30.53s
61/546 timeout P3_t25_vo_ohm_k1_rs100_pwr1_body0_rail1_open0d1_actual0d10300000000000001_ph90_i0d001_tap6_mains_amp230_f60_fuse1_macrofull_ptc60 30.44s
62/546 timeout P3_t25_vo_ohm_k1_rs100_pwr1_body0_rail1_open0d1_actual0d10300000000000001_ph90_i0d001_tap6_mains_amp230_f60_fuse1_macrofull_ptc40 30.51s
63/546 timeout P3_t25_vo_ohm_k1_rs100_pwr1_body0_rail1_open0d1_actual0d10300000000000001_ph90_i1em06_tap6_mains_amp230_f60_fuse1_macrofull_ptc40 30.43s
64/546 timeout P3_t25_vo_ohm_k1_rs100_pwr1_body0_rail1_opennever_actualnever_ph90_i0d001_tap6_mains_amp230_f60_fuse1_macrofull_ptc40 30.49s
65/546 timeout P3_t25_vo_ohm_k1_rs100_pwr1_body0_rail1_open0d1_actual0d10300000000000001_ph90_i0_tap6_mains_amp230_f60_fuse1_macrofull_ptc40 30.55s
66/546 timeout P3_t25_vo_ohm_k1_rs100_pwr1_body0_rail1_open0d1_actual0d10300000000000001_ph90_i1em06_tap6_mains_amp230_f60_fuse1_macrofull_ptc60 30.64s
67/546 timeout P3_t25_vo_ohm_k1_rs100_pwr1_body0_rail1_opennever_actualnever_ph90_i1em06_tap6_mains_amp230_f60_fuse1_macrofull_ptc40 30.52s
68/546 timeout P3_t25_vo_ohm_k1_rs100_pwr1_body0_rail1_open0d1_actual0d10300000000000001_ph90_i0_tap6_mains_amp230_f60_fuse1_macrofull_ptc60 30.59s
69/546 timeout P3_t25_vo_ohm_k1_rs100_pwr1_body0_rail1_opennever_actualnever_ph90_i0d001_tap6_mains_amp230_f60_fuse1_macrofull_ptc60 30.61s
70/546 timeout P3_t25_vo_ohm_k1_rs100_pwr1_body0_rail1_opennever_actualnever_ph90_i1em06_tap6_mains_amp230_f60_fuse1_macrofull_ptc60 30.62s
71/546 timeout P3_t25_vo_ohm_k1_rs100_pwr1_body0_rail1_opennever_actualnever_ph90_i0_tap6_mains_amp230_f60_fuse1_macrofull_ptc60 30.42s
72/546 timeout P3_t25_vo_ohm_k1_rs100_pwr1_body0_rail1d02_open0d02_actual0d023_ph0_i0d001_tap6_mains_amp230_f60_fuse1_macrofull_ptc40 30.44s
73/546 timeout P3_t25_vo_ohm_k1_rs100_pwr1_body0_rail1_opennever_actualnever_ph90_i0_tap6_mains_amp230_f60_fuse1_macrofull_ptc40 30.72s
74/546 timeout P3_t25_vo_ohm_k1_rs100_pwr1_body0_rail1d02_open0d02_actual0d023_ph0_i1em06_tap6_mains_amp230_f60_fuse1_macrofull_ptc40 30.51s
75/546 timeout P3_t25_vo_ohm_k1_rs100_pwr1_body0_rail1d02_open0d02_actual0d023_ph0_i0d001_tap6_mains_amp230_f60_fuse1_macrofull_ptc60 30.55s
76/546 timeout P3_t25_vo_ohm_k1_rs100_pwr1_body0_rail1d02_open0d02_actual0d023_ph0_i0_tap6_mains_amp230_f60_fuse1_macrofull_ptc40 30.54s
77/546 timeout P3_t25_vo_ohm_k1_rs100_pwr1_body0_rail1d02_open0d02_actual0d023_ph0_i0_tap6_mains_amp230_f60_fuse1_macrofull_ptc60 30.76s
78/546 timeout P3_t25_vo_ohm_k1_rs100_pwr1_body0_rail1d02_open0d02_actual0d023_ph0_i1em06_tap6_mains_amp230_f60_fuse1_macrofull_ptc60 30.84s
79/546 timeout P3_t25_vo_ohm_k1_rs100_pwr1_body0_rail1d02_open0d1_actual0d10300000000000001_ph0_i0d001_tap6_mains_amp230_f60_fuse1_macrofull_ptc40 30.75s
80/546 timeout P3_t25_vo_ohm_k1_rs100_pwr1_body0_rail1d02_open0d1_actual0d10300000000000001_ph0_i0d001_tap6_mains_amp230_f60_fuse1_macrofull_ptc60 30.75s
81/546 timeout P3_t25_vo_ohm_k1_rs100_pwr1_body0_rail1d02_open0d1_actual0d10300000000000001_ph0_i1em06_tap6_mains_amp230_f60_fuse1_macrofull_ptc40 30.41s
82/546 timeout P3_t25_vo_ohm_k1_rs100_pwr1_body0_rail1d02_open0d1_actual0d10300000000000001_ph0_i1em06_tap6_mains_amp230_f60_fuse1_macrofull_ptc60 30.39s
83/546 timeout P3_t25_vo_ohm_k1_rs100_pwr1_body0_rail1d02_open0d1_actual0d10300000000000001_ph0_i0_tap6_mains_amp230_f60_fuse1_macrofull_ptc40 30.50s
84/546 timeout P3_t25_vo_ohm_k1_rs100_pwr1_body0_rail1d02_opennever_actualnever_ph0_i0d001_tap6_mains_amp230_f60_fuse1_macrofull_ptc40 30.59s
85/546 timeout P3_t25_vo_ohm_k1_rs100_pwr1_body0_rail1d02_open0d1_actual0d10300000000000001_ph0_i0_tap6_mains_amp230_f60_fuse1_macrofull_ptc60 30.60s
86/546 timeout P3_t25_vo_ohm_k1_rs100_pwr1_body0_rail1d02_opennever_actualnever_ph0_i0d001_tap6_mains_amp230_f60_fuse1_macrofull_ptc60 30.61s
87/546 timeout P3_t25_vo_ohm_k1_rs100_pwr1_body0_rail1d02_opennever_actualnever_ph0_i1em06_tap6_mains_amp230_f60_fuse1_macrofull_ptc40 30.56s
88/546 timeout P3_t25_vo_ohm_k1_rs100_pwr1_body0_rail1d02_opennever_actualnever_ph0_i1em06_tap6_mains_amp230_f60_fuse1_macrofull_ptc60 30.61s
89/546 timeout P3_t25_vo_ohm_k1_rs100_pwr1_body0_rail1d02_opennever_actualnever_ph0_i0_tap6_mains_amp230_f60_fuse1_macrofull_ptc60 30.53s
90/546 timeout P3_t25_vo_ohm_k1_rs100_pwr1_body0_rail1d02_opennever_actualnever_ph0_i0_tap6_mains_amp230_f60_fuse1_macrofull_ptc40 30.60s
91/546 timeout P3_t25_vo_ohm_k1_rs100_pwr1_body0_rail1d02_open0d02_actual0d023_ph90_i0d001_tap6_mains_amp230_f60_fuse1_macrofull_ptc40 30.39s
92/546 timeout P3_t25_vo_ohm_k1_rs100_pwr1_body0_rail1d02_open0d02_actual0d023_ph90_i0d001_tap6_mains_amp230_f60_fuse1_macrofull_ptc60 30.39s
93/546 timeout P3_t25_vo_ohm_k1_rs100_pwr1_body0_rail1d02_open0d02_actual0d023_ph90_i1em06_tap6_mains_amp230_f60_fuse1_macrofull_ptc60 30.27s
94/546 timeout P3_t25_vo_ohm_k1_rs100_pwr1_body0_rail1d02_open0d02_actual0d023_ph90_i1em06_tap6_mains_amp230_f60_fuse1_macrofull_ptc40 30.44s
95/546 timeout P3_t25_vo_ohm_k1_rs100_pwr1_body0_rail1d02_open0d02_actual0d023_ph90_i0_tap6_mains_amp230_f60_fuse1_macrofull_ptc40 30.27s
96/546 timeout P3_t25_vo_ohm_k1_rs100_pwr1_body0_rail1d02_open0d02_actual0d023_ph90_i0_tap6_mains_amp230_f60_fuse1_macrofull_ptc60 30.41s
97/546 timeout P3_t25_vo_ohm_k1_rs100_pwr1_body0_rail1d02_open0d1_actual0d10300000000000001_ph90_i0d001_tap6_mains_amp230_f60_fuse1_macrofull_ptc40 30.45s
98/546 timeout P3_t25_vo_ohm_k1_rs100_pwr1_body0_rail1d02_open0d1_actual0d10300000000000001_ph90_i0d001_tap6_mains_amp230_f60_fuse1_macrofull_ptc60 30.39s
99/546 timeout P3_t25_vo_ohm_k1_rs100_pwr1_body0_rail1d02_open0d1_actual0d10300000000000001_ph90_i1em06_tap6_mains_amp230_f60_fuse1_macrofull_ptc40 30.41s
100/546 timeout P3_t25_vo_ohm_k1_rs100_pwr1_body0_rail1d02_open0d1_actual0d10300000000000001_ph90_i1em06_tap6_mains_amp230_f60_fuse1_macrofull_ptc60 30.43s
101/546 timeout P3_t25_vo_ohm_k1_rs100_pwr1_body0_rail1d02_open0d1_actual0d10300000000000001_ph90_i0_tap6_mains_amp230_f60_fuse1_macrofull_ptc40 30.36s
102/546 timeout P3_t25_vo_ohm_k1_rs100_pwr1_body0_rail1d02_open0d1_actual0d10300000000000001_ph90_i0_tap6_mains_amp230_f60_fuse1_macrofull_ptc60 30.35s
103/546 timeout P3_t25_vo_ohm_k1_rs100_pwr1_body0_rail1d02_opennever_actualnever_ph90_i0d001_tap6_mains_amp230_f60_fuse1_macrofull_ptc40 30.41s
104/546 timeout P3_t25_vo_ohm_k1_rs100_pwr1_body0_rail1d02_opennever_actualnever_ph90_i1em06_tap6_mains_amp230_f60_fuse1_macrofull_ptc40 30.40s
105/546 timeout P3_t25_vo_ohm_k1_rs100_pwr1_body0_rail1d02_opennever_actualnever_ph90_i0d001_tap6_mains_amp230_f60_fuse1_macrofull_ptc60 30.43s
106/546 timeout P3_t25_vo_ohm_k1_rs100_pwr1_body0_rail1d02_opennever_actualnever_ph90_i1em06_tap6_mains_amp230_f60_fuse1_macrofull_ptc60 30.41s
107/546 timeout P3_t25_vo_ohm_k1_rs100_pwr1_body0_rail1d02_opennever_actualnever_ph90_i0_tap6_mains_amp230_f60_fuse1_macrofull_ptc40 30.41s
108/546 timeout P3_t25_vo_ohm_k1_rs100_pwr1_body0_rail1d02_opennever_actualnever_ph90_i0_tap6_mains_amp230_f60_fuse1_macrofull_ptc60 30.40s
109/546 timeout P3_t25_vo_ohm_k1_rs330_pwr1_body0_rail0d98_open0d02_actual0d023_ph0_i0d001_tap6_mains_amp230_f60_fuse1_macrofull_ptc60 30.38s
110/546 timeout P3_t25_vo_ohm_k1_rs330_pwr1_body0_rail0d98_open0d02_actual0d023_ph0_i0d001_tap6_mains_amp230_f60_fuse1_macrofull_ptc40 30.42s
111/546 timeout P3_t25_vo_ohm_k1_rs330_pwr1_body0_rail0d98_open0d02_actual0d023_ph0_i1em06_tap6_mains_amp230_f60_fuse1_macrofull_ptc40 30.35s
112/546 timeout P3_t25_vo_ohm_k1_rs330_pwr1_body0_rail0d98_open0d02_actual0d023_ph0_i1em06_tap6_mains_amp230_f60_fuse1_macrofull_ptc60 30.37s
113/546 timeout P3_t25_vo_ohm_k1_rs330_pwr1_body0_rail0d98_open0d02_actual0d023_ph0_i0_tap6_mains_amp230_f60_fuse1_macrofull_ptc40 30.38s
114/546 timeout P3_t25_vo_ohm_k1_rs330_pwr1_body0_rail0d98_open0d1_actual0d10300000000000001_ph0_i0d001_tap6_mains_amp230_f60_fuse1_macrofull_ptc40 30.38s
115/546 timeout P3_t25_vo_ohm_k1_rs330_pwr1_body0_rail0d98_open0d02_actual0d023_ph0_i0_tap6_mains_amp230_f60_fuse1_macrofull_ptc60 30.40s
116/546 timeout P3_t25_vo_ohm_k1_rs330_pwr1_body0_rail0d98_open0d1_actual0d10300000000000001_ph0_i0d001_tap6_mains_amp230_f60_fuse1_macrofull_ptc60 30.38s
117/546 timeout P3_t25_vo_ohm_k1_rs330_pwr1_body0_rail0d98_open0d1_actual0d10300000000000001_ph0_i1em06_tap6_mains_amp230_f60_fuse1_macrofull_ptc40 30.40s
118/546 timeout P3_t25_vo_ohm_k1_rs330_pwr1_body0_rail0d98_open0d1_actual0d10300000000000001_ph0_i1em06_tap6_mains_amp230_f60_fuse1_macrofull_ptc60 30.39s
119/546 timeout P3_t25_vo_ohm_k1_rs330_pwr1_body0_rail0d98_open0d1_actual0d10300000000000001_ph0_i0_tap6_mains_amp230_f60_fuse1_macrofull_ptc60 30.39s
120/546 timeout P3_t25_vo_ohm_k1_rs330_pwr1_body0_rail0d98_open0d1_actual0d10300000000000001_ph0_i0_tap6_mains_amp230_f60_fuse1_macrofull_ptc40 30.41s
121/546 timeout P3_t25_vo_ohm_k1_rs330_pwr1_body0_rail0d98_opennever_actualnever_ph0_i0d001_tap6_mains_amp230_f60_fuse1_macrofull_ptc60 30.34s
122/546 timeout P3_t25_vo_ohm_k1_rs330_pwr1_body0_rail0d98_opennever_actualnever_ph0_i0d001_tap6_mains_amp230_f60_fuse1_macrofull_ptc40 30.37s
123/546 timeout P3_t25_vo_ohm_k1_rs330_pwr1_body0_rail0d98_opennever_actualnever_ph0_i1em06_tap6_mains_amp230_f60_fuse1_macrofull_ptc60 30.36s
124/546 timeout P3_t25_vo_ohm_k1_rs330_pwr1_body0_rail0d98_opennever_actualnever_ph0_i1em06_tap6_mains_amp230_f60_fuse1_macrofull_ptc40 30.38s
125/546 timeout P3_t25_vo_ohm_k1_rs330_pwr1_body0_rail0d98_opennever_actualnever_ph0_i0_tap6_mains_amp230_f60_fuse1_macrofull_ptc40 30.37s
126/546 timeout P3_t25_vo_ohm_k1_rs330_pwr1_body0_rail0d98_opennever_actualnever_ph0_i0_tap6_mains_amp230_f60_fuse1_macrofull_ptc60 30.38s
127/546 timeout P3_t25_vo_ohm_k1_rs330_pwr1_body0_rail0d98_open0d02_actual0d023_ph90_i0d001_tap6_mains_amp230_f60_fuse1_macrofull_ptc40 30.42s
128/546 timeout P3_t25_vo_ohm_k1_rs330_pwr1_body0_rail0d98_open0d02_actual0d023_ph90_i0d001_tap6_mains_amp230_f60_fuse1_macrofull_ptc60 30.41s
129/546 timeout P3_t25_vo_ohm_k1_rs330_pwr1_body0_rail0d98_open0d02_actual0d023_ph90_i1em06_tap6_mains_amp230_f60_fuse1_macrofull_ptc40 30.58s
130/546 timeout P3_t25_vo_ohm_k1_rs330_pwr1_body0_rail0d98_open0d02_actual0d023_ph90_i1em06_tap6_mains_amp230_f60_fuse1_macrofull_ptc60 30.65s
131/546 timeout P3_t25_vo_ohm_k1_rs330_pwr1_body0_rail0d98_open0d02_actual0d023_ph90_i0_tap6_mains_amp230_f60_fuse1_macrofull_ptc60 30.37s
132/546 timeout P3_t25_vo_ohm_k1_rs330_pwr1_body0_rail0d98_open0d02_actual0d023_ph90_i0_tap6_mains_amp230_f60_fuse1_macrofull_ptc40 30.39s
133/546 timeout P3_t25_vo_ohm_k1_rs330_pwr1_body0_rail0d98_open0d1_actual0d10300000000000001_ph90_i1em06_tap6_mains_amp230_f60_fuse1_macrofull_ptc40 30.42s
134/546 timeout P3_t25_vo_ohm_k1_rs330_pwr1_body0_rail0d98_open0d1_actual0d10300000000000001_ph90_i0d001_tap6_mains_amp230_f60_fuse1_macrofull_ptc40 30.70s
135/546 timeout P3_t25_vo_ohm_k1_rs330_pwr1_body0_rail0d98_open0d1_actual0d10300000000000001_ph90_i0d001_tap6_mains_amp230_f60_fuse1_macrofull_ptc60 30.70s
136/546 timeout P3_t25_vo_ohm_k1_rs330_pwr1_body0_rail0d98_open0d1_actual0d10300000000000001_ph90_i1em06_tap6_mains_amp230_f60_fuse1_macrofull_ptc60 30.81s
137/546 timeout P3_t25_vo_ohm_k1_rs330_pwr1_body0_rail0d98_open0d1_actual0d10300000000000001_ph90_i0_tap6_mains_amp230_f60_fuse1_macrofull_ptc40 30.53s
138/546 timeout P3_t25_vo_ohm_k1_rs330_pwr1_body0_rail0d98_open0d1_actual0d10300000000000001_ph90_i0_tap6_mains_amp230_f60_fuse1_macrofull_ptc60 30.77s
139/546 timeout P3_t25_vo_ohm_k1_rs330_pwr1_body0_rail0d98_opennever_actualnever_ph90_i0d001_tap6_mains_amp230_f60_fuse1_macrofull_ptc40 30.56s
140/546 timeout P3_t25_vo_ohm_k1_rs330_pwr1_body0_rail0d98_opennever_actualnever_ph90_i0d001_tap6_mains_amp230_f60_fuse1_macrofull_ptc60 30.53s
141/546 timeout P3_t25_vo_ohm_k1_rs330_pwr1_body0_rail0d98_opennever_actualnever_ph90_i1em06_tap6_mains_amp230_f60_fuse1_macrofull_ptc60 30.36s
142/546 timeout P3_t25_vo_ohm_k1_rs330_pwr1_body0_rail0d98_opennever_actualnever_ph90_i1em06_tap6_mains_amp230_f60_fuse1_macrofull_ptc40 30.37s
143/546 timeout P3_t25_vo_ohm_k1_rs330_pwr1_body0_rail0d98_opennever_actualnever_ph90_i0_tap6_mains_amp230_f60_fuse1_macrofull_ptc40 30.39s
144/546 timeout P3_t25_vo_ohm_k1_rs330_pwr1_body0_rail0d98_opennever_actualnever_ph90_i0_tap6_mains_amp230_f60_fuse1_macrofull_ptc60 30.35s
145/546 timeout P3_t25_vo_ohm_k1_rs330_pwr1_body0_rail1_open0d02_actual0d023_ph0_i0d001_tap6_mains_amp230_f60_fuse1_macrofull_ptc40 30.42s
146/546 timeout P3_t25_vo_ohm_k1_rs330_pwr1_body0_rail1_open0d02_actual0d023_ph0_i1em06_tap6_mains_amp230_f60_fuse1_macrofull_ptc40 30.49s
147/546 timeout P3_t25_vo_ohm_k1_rs330_pwr1_body0_rail1_open0d02_actual0d023_ph0_i0d001_tap6_mains_amp230_f60_fuse1_macrofull_ptc60 30.54s
148/546 timeout P3_t25_vo_ohm_k1_rs330_pwr1_body0_rail1_open0d02_actual0d023_ph0_i1em06_tap6_mains_amp230_f60_fuse1_macrofull_ptc60 30.46s
149/546 timeout P3_t25_vo_ohm_k1_rs330_pwr1_body0_rail1_open0d02_actual0d023_ph0_i0_tap6_mains_amp230_f60_fuse1_macrofull_ptc40 30.55s
150/546 timeout P3_t25_vo_ohm_k1_rs330_pwr1_body0_rail1_open0d02_actual0d023_ph0_i0_tap6_mains_amp230_f60_fuse1_macrofull_ptc60 30.46s
151/546 timeout P3_t25_vo_ohm_k1_rs330_pwr1_body0_rail1_open0d1_actual0d10300000000000001_ph0_i0d001_tap6_mains_amp230_f60_fuse1_macrofull_ptc40 30.34s
152/546 timeout P3_t25_vo_ohm_k1_rs330_pwr1_body0_rail1_open0d1_actual0d10300000000000001_ph0_i0d001_tap6_mains_amp230_f60_fuse1_macrofull_ptc60 30.35s
153/546 timeout P3_t25_vo_ohm_k1_rs330_pwr1_body0_rail1_open0d1_actual0d10300000000000001_ph0_i1em06_tap6_mains_amp230_f60_fuse1_macrofull_ptc40 30.36s
154/546 timeout P3_t25_vo_ohm_k1_rs330_pwr1_body0_rail1_open0d1_actual0d10300000000000001_ph0_i1em06_tap6_mains_amp230_f60_fuse1_macrofull_ptc60 30.35s
155/546 timeout P3_t25_vo_ohm_k1_rs330_pwr1_body0_rail1_open0d1_actual0d10300000000000001_ph0_i0_tap6_mains_amp230_f60_fuse1_macrofull_ptc40 30.39s
156/546 timeout P3_t25_vo_ohm_k1_rs330_pwr1_body0_rail1_open0d1_actual0d10300000000000001_ph0_i0_tap6_mains_amp230_f60_fuse1_macrofull_ptc60 30.51s
157/546 timeout P3_t25_vo_ohm_k1_rs330_pwr1_body0_rail1_opennever_actualnever_ph0_i0d001_tap6_mains_amp230_f60_fuse1_macrofull_ptc40 30.53s
158/546 timeout P3_t25_vo_ohm_k1_rs330_pwr1_body0_rail1_opennever_actualnever_ph0_i0d001_tap6_mains_amp230_f60_fuse1_macrofull_ptc60 30.47s
159/546 timeout P3_t25_vo_ohm_k1_rs330_pwr1_body0_rail1_opennever_actualnever_ph0_i1em06_tap6_mains_amp230_f60_fuse1_macrofull_ptc40 30.42s
160/546 timeout P3_t25_vo_ohm_k1_rs330_pwr1_body0_rail1_opennever_actualnever_ph0_i1em06_tap6_mains_amp230_f60_fuse1_macrofull_ptc60 30.49s
161/546 timeout P3_t25_vo_ohm_k1_rs330_pwr1_body0_rail1_opennever_actualnever_ph0_i0_tap6_mains_amp230_f60_fuse1_macrofull_ptc60 30.35s
162/546 timeout P3_t25_vo_ohm_k1_rs330_pwr1_body0_rail1_opennever_actualnever_ph0_i0_tap6_mains_amp230_f60_fuse1_macrofull_ptc40 30.35s
163/546 timeout P3_t25_vo_ohm_k1_rs330_pwr1_body0_rail1_open0d02_actual0d023_ph90_i0d001_tap6_mains_amp230_f60_fuse1_macrofull_ptc40 30.36s
164/546 timeout P3_t25_vo_ohm_k1_rs330_pwr1_body0_rail1_open0d02_actual0d023_ph90_i0d001_tap6_mains_amp230_f60_fuse1_macrofull_ptc60 30.34s
165/546 timeout P3_t25_vo_ohm_k1_rs330_pwr1_body0_rail1_open0d02_actual0d023_ph90_i1em06_tap6_mains_amp230_f60_fuse1_macrofull_ptc40 30.40s
166/546 timeout P3_t25_vo_ohm_k1_rs330_pwr1_body0_rail1_open0d02_actual0d023_ph90_i1em06_tap6_mains_amp230_f60_fuse1_macrofull_ptc60 30.46s
167/546 timeout P3_t25_vo_ohm_k1_rs330_pwr1_body0_rail1_open0d02_actual0d023_ph90_i0_tap6_mains_amp230_f60_fuse1_macrofull_ptc40 30.56s
168/546 timeout P3_t25_vo_ohm_k1_rs330_pwr1_body0_rail1_open0d02_actual0d023_ph90_i0_tap6_mains_amp230_f60_fuse1_macrofull_ptc60 30.47s
169/546 timeout P3_t25_vo_ohm_k1_rs330_pwr1_body0_rail1_open0d1_actual0d10300000000000001_ph90_i0d001_tap6_mains_amp230_f60_fuse1_macrofull_ptc40 30.46s
170/546 timeout P3_t25_vo_ohm_k1_rs330_pwr1_body0_rail1_open0d1_actual0d10300000000000001_ph90_i0d001_tap6_mains_amp230_f60_fuse1_macrofull_ptc60 30.48s
171/546 timeout P3_t25_vo_ohm_k1_rs330_pwr1_body0_rail1_open0d1_actual0d10300000000000001_ph90_i1em06_tap6_mains_amp230_f60_fuse1_macrofull_ptc40 30.37s
172/546 timeout P3_t25_vo_ohm_k1_rs330_pwr1_body0_rail1_open0d1_actual0d10300000000000001_ph90_i1em06_tap6_mains_amp230_f60_fuse1_macrofull_ptc60 30.38s
173/546 timeout P3_t25_vo_ohm_k1_rs330_pwr1_body0_rail1_open0d1_actual0d10300000000000001_ph90_i0_tap6_mains_amp230_f60_fuse1_macrofull_ptc40 30.37s
174/546 timeout P3_t25_vo_ohm_k1_rs330_pwr1_body0_rail1_open0d1_actual0d10300000000000001_ph90_i0_tap6_mains_amp230_f60_fuse1_macrofull_ptc60 30.35s
175/546 timeout P3_t25_vo_ohm_k1_rs330_pwr1_body0_rail1_opennever_actualnever_ph90_i0d001_tap6_mains_amp230_f60_fuse1_macrofull_ptc40 30.39s
176/546 timeout P3_t25_vo_ohm_k1_rs330_pwr1_body0_rail1_opennever_actualnever_ph90_i0d001_tap6_mains_amp230_f60_fuse1_macrofull_ptc60 30.45s
177/546 timeout P3_t25_vo_ohm_k1_rs330_pwr1_body0_rail1_opennever_actualnever_ph90_i1em06_tap6_mains_amp230_f60_fuse1_macrofull_ptc40 30.45s
178/546 timeout P3_t25_vo_ohm_k1_rs330_pwr1_body0_rail1_opennever_actualnever_ph90_i0_tap6_mains_amp230_f60_fuse1_macrofull_ptc40 30.41s
179/546 timeout P3_t25_vo_ohm_k1_rs330_pwr1_body0_rail1_opennever_actualnever_ph90_i1em06_tap6_mains_amp230_f60_fuse1_macrofull_ptc60 30.47s
180/546 timeout P3_t25_vo_ohm_k1_rs330_pwr1_body0_rail1_opennever_actualnever_ph90_i0_tap6_mains_amp230_f60_fuse1_macrofull_ptc60 30.44s
181/546 timeout P3_t25_vo_ohm_k1_rs330_pwr1_body0_rail1d02_open0d02_actual0d023_ph0_i0d001_tap6_mains_amp230_f60_fuse1_macrofull_ptc60 30.35s
182/546 timeout P3_t25_vo_ohm_k1_rs330_pwr1_body0_rail1d02_open0d02_actual0d023_ph0_i0d001_tap6_mains_amp230_f60_fuse1_macrofull_ptc40 30.38s
183/546 timeout P3_t25_vo_ohm_k1_rs330_pwr1_body0_rail1d02_open0d02_actual0d023_ph0_i1em06_tap6_mains_amp230_f60_fuse1_macrofull_ptc40 30.38s
184/546 timeout P3_t25_vo_ohm_k1_rs330_pwr1_body0_rail1d02_open0d02_actual0d023_ph0_i1em06_tap6_mains_amp230_f60_fuse1_macrofull_ptc60 30.35s
185/546 timeout P3_t25_vo_ohm_k1_rs330_pwr1_body0_rail1d02_open0d02_actual0d023_ph0_i0_tap6_mains_amp230_f60_fuse1_macrofull_ptc40 30.36s
186/546 timeout P3_t25_vo_ohm_k1_rs330_pwr1_body0_rail1d02_open0d02_actual0d023_ph0_i0_tap6_mains_amp230_f60_fuse1_macrofull_ptc60 30.52s
187/546 timeout P3_t25_vo_ohm_k1_rs330_pwr1_body0_rail1d02_open0d1_actual0d10300000000000001_ph0_i0d001_tap6_mains_amp230_f60_fuse1_macrofull_ptc40 30.41s
188/546 timeout P3_t25_vo_ohm_k1_rs330_pwr1_body0_rail1d02_open0d1_actual0d10300000000000001_ph0_i0d001_tap6_mains_amp230_f60_fuse1_macrofull_ptc60 30.44s
189/546 timeout P3_t25_vo_ohm_k1_rs330_pwr1_body0_rail1d02_open0d1_actual0d10300000000000001_ph0_i1em06_tap6_mains_amp230_f60_fuse1_macrofull_ptc40 30.40s
190/546 timeout P3_t25_vo_ohm_k1_rs330_pwr1_body0_rail1d02_open0d1_actual0d10300000000000001_ph0_i1em06_tap6_mains_amp230_f60_fuse1_macrofull_ptc60 30.38s
191/546 timeout P3_t25_vo_ohm_k1_rs330_pwr1_body0_rail1d02_open0d1_actual0d10300000000000001_ph0_i0_tap6_mains_amp230_f60_fuse1_macrofull_ptc40 30.34s
192/546 timeout P3_t25_vo_ohm_k1_rs330_pwr1_body0_rail1d02_open0d1_actual0d10300000000000001_ph0_i0_tap6_mains_amp230_f60_fuse1_macrofull_ptc60 30.35s
193/546 timeout P3_t25_vo_ohm_k1_rs330_pwr1_body0_rail1d02_opennever_actualnever_ph0_i0d001_tap6_mains_amp230_f60_fuse1_macrofull_ptc40 30.34s
194/546 timeout P3_t25_vo_ohm_k1_rs330_pwr1_body0_rail1d02_opennever_actualnever_ph0_i0d001_tap6_mains_amp230_f60_fuse1_macrofull_ptc60 30.34s
195/546 timeout P3_t25_vo_ohm_k1_rs330_pwr1_body0_rail1d02_opennever_actualnever_ph0_i1em06_tap6_mains_amp230_f60_fuse1_macrofull_ptc40 30.41s
196/546 timeout P3_t25_vo_ohm_k1_rs330_pwr1_body0_rail1d02_opennever_actualnever_ph0_i1em06_tap6_mains_amp230_f60_fuse1_macrofull_ptc60 30.48s
197/546 timeout P3_t25_vo_ohm_k1_rs330_pwr1_body0_rail1d02_opennever_actualnever_ph0_i0_tap6_mains_amp230_f60_fuse1_macrofull_ptc40 30.44s
198/546 timeout P3_t25_vo_ohm_k1_rs330_pwr1_body0_rail1d02_opennever_actualnever_ph0_i0_tap6_mains_amp230_f60_fuse1_macrofull_ptc60 30.45s
199/546 timeout P3_t25_vo_ohm_k1_rs330_pwr1_body0_rail1d02_open0d02_actual0d023_ph90_i0d001_tap6_mains_amp230_f60_fuse1_macrofull_ptc40 30.45s
200/546 timeout P3_t25_vo_ohm_k1_rs330_pwr1_body0_rail1d02_open0d02_actual0d023_ph90_i0d001_tap6_mains_amp230_f60_fuse1_macrofull_ptc60 30.41s
201/546 timeout P3_t25_vo_ohm_k1_rs330_pwr1_body0_rail1d02_open0d02_actual0d023_ph90_i1em06_tap6_mains_amp230_f60_fuse1_macrofull_ptc40 30.34s
202/546 timeout P3_t25_vo_ohm_k1_rs330_pwr1_body0_rail1d02_open0d02_actual0d023_ph90_i1em06_tap6_mains_amp230_f60_fuse1_macrofull_ptc60 30.35s
203/546 timeout P3_t25_vo_ohm_k1_rs330_pwr1_body0_rail1d02_open0d02_actual0d023_ph90_i0_tap6_mains_amp230_f60_fuse1_macrofull_ptc40 30.37s
204/546 timeout P3_t25_vo_ohm_k1_rs330_pwr1_body0_rail1d02_open0d02_actual0d023_ph90_i0_tap6_mains_amp230_f60_fuse1_macrofull_ptc60 30.35s
205/546 timeout P3_t25_vo_ohm_k1_rs330_pwr1_body0_rail1d02_open0d1_actual0d10300000000000001_ph90_i0d001_tap6_mains_amp230_f60_fuse1_macrofull_ptc40 30.38s
206/546 timeout P3_t25_vo_ohm_k1_rs330_pwr1_body0_rail1d02_open0d1_actual0d10300000000000001_ph90_i1em06_tap6_mains_amp230_f60_fuse1_macrofull_ptc40 30.37s
207/546 timeout P3_t25_vo_ohm_k1_rs330_pwr1_body0_rail1d02_open0d1_actual0d10300000000000001_ph90_i0d001_tap6_mains_amp230_f60_fuse1_macrofull_ptc60 30.40s
208/546 timeout P3_t25_vo_ohm_k1_rs330_pwr1_body0_rail1d02_open0d1_actual0d10300000000000001_ph90_i0_tap6_mains_amp230_f60_fuse1_macrofull_ptc40 30.39s
209/546 timeout P3_t25_vo_ohm_k1_rs330_pwr1_body0_rail1d02_open0d1_actual0d10300000000000001_ph90_i1em06_tap6_mains_amp230_f60_fuse1_macrofull_ptc60 30.40s
210/546 timeout P3_t25_vo_ohm_k1_rs330_pwr1_body0_rail1d02_open0d1_actual0d10300000000000001_ph90_i0_tap6_mains_amp230_f60_fuse1_macrofull_ptc60 30.39s
211/546 numerical_failure P2_t25_vo_v_k0_rs100_pwr1_body0_rail1_open0_actual0_ph0_i0_tap0_mains_amp230_f60_fuse1_macrofull_ptc40 12.84s
212/546 timeout P3_t25_vo_ohm_k1_rs330_pwr1_body0_rail1d02_opennever_actualnever_ph90_i0d001_tap6_mains_amp230_f60_fuse1_macrofull_ptc40 30.39s
213/546 timeout P3_t25_vo_ohm_k1_rs330_pwr1_body0_rail1d02_opennever_actualnever_ph90_i0d001_tap6_mains_amp230_f60_fuse1_macrofull_ptc60 30.36s
214/546 timeout P3_t25_vo_ohm_k1_rs330_pwr1_body0_rail1d02_opennever_actualnever_ph90_i1em06_tap6_mains_amp230_f60_fuse1_macrofull_ptc40 30.51s
215/546 timeout P3_t25_vo_ohm_k1_rs330_pwr1_body0_rail1d02_opennever_actualnever_ph90_i1em06_tap6_mains_amp230_f60_fuse1_macrofull_ptc60 30.51s
216/546 timeout P3_t25_vo_ohm_k1_rs330_pwr1_body0_rail1d02_opennever_actualnever_ph90_i0_tap6_mains_amp230_f60_fuse1_macrofull_ptc40 30.89s
217/546 timeout P2_t25_vo_v_k0_rs100_pwr1_body0_rail0d98_open0_actual0_ph0_i0_tap2_mains_amp230_f60_fuse1_macrofull_ptc40 31.90s
218/546 timeout P2_t25_vo_v_k0_rs100_pwr1_body0_rail0d98_open0_actual0_ph0_i0_tap0_mains_amp230_f60_fuse1_macrofull_ptc40 32.01s
219/546 timeout P3_t25_vo_ohm_k1_rs330_pwr1_body0_rail1d02_opennever_actualnever_ph90_i0_tap6_mains_amp230_f60_fuse1_macrofull_ptc60 32.27s
220/546 timeout P2_t25_vo_v_k0_rs100_pwr1_body0_rail0d98_open0_actual0_ph0_i0_tap1_mains_amp230_f60_fuse1_macrofull_ptc40 32.23s
221/546 timeout P2_t25_vo_v_k0_rs100_pwr1_body0_rail1_open0_actual0_ph0_i0_tap1_mains_amp230_f60_fuse1_macrofull_ptc40 30.57s
222/546 numerical_failure P2_t25_vo_v_k0_rs100_pwr1_body0_rail1d02_open0_actual0_ph0_i0_tap0_mains_amp230_f60_fuse1_macrofull_ptc40 23.63s
223/546 numerical_failure P2_t25_vo_v_k0_rs330_pwr1_body0_rail1_open0_actual0_ph0_i0_tap0_mains_amp230_f60_fuse1_macrofull_ptc40 20.13s
224/546 timeout P2_t25_vo_v_k0_rs100_pwr1_body0_rail1_open0_actual0_ph0_i0_tap2_mains_amp230_f60_fuse1_macrofull_ptc40 30.44s
225/546 timeout P2_t25_vo_v_k0_rs100_pwr1_body0_rail1d02_open0_actual0_ph0_i0_tap1_mains_amp230_f60_fuse1_macrofull_ptc40 30.48s
226/546 timeout P2_t25_vo_v_k0_rs100_pwr1_body0_rail1d02_open0_actual0_ph0_i0_tap2_mains_amp230_f60_fuse1_macrofull_ptc40 30.42s
227/546 timeout P2_t25_vo_v_k0_rs330_pwr1_body0_rail0d98_open0_actual0_ph0_i0_tap0_mains_amp230_f60_fuse1_macrofull_ptc40 30.55s
228/546 timeout P2_t25_vo_v_k0_rs330_pwr1_body0_rail0d98_open0_actual0_ph0_i0_tap1_mains_amp230_f60_fuse1_macrofull_ptc40 30.46s
229/546 timeout P2_t25_vo_v_k0_rs330_pwr1_body0_rail0d98_open0_actual0_ph0_i0_tap2_mains_amp230_f60_fuse1_macrofull_ptc40 30.45s
230/546 timeout P2_t25_vo_v_k0_rs330_pwr1_body0_rail1_open0_actual0_ph0_i0_tap1_mains_amp230_f60_fuse1_macrofull_ptc40 30.52s
231/546 numerical_failure P4_t25_vo_v_k0_rs100_pwr0_body1_rail0d98_open0_actual0_ph0_i0_tap0_mains_amp230_f60_fuse1_macrofull_ptc40 7.37s
232/546 numerical_failure P4_t25_vo_v_k0_rs100_pwr0_body0_rail0d98_open0_actual0_ph0_i0_tap0_mains_amp230_f60_fuse1_macrofull_ptc40 8.58s
233/546 numerical_failure P4_t25_vo_ohm_k0_rs100_pwr0_body1_rail0d98_open0_actual0_ph0_i0_tap0_mains_amp230_f60_fuse1_macrofull_ptc40 6.89s
234/546 numerical_failure P4_t25_vo_ohm_k0_rs100_pwr0_body0_rail0d98_open0_actual0_ph0_i0_tap1_mains_amp230_f60_fuse1_macrofull_ptc40 7.10s
235/546 numerical_failure P4_t25_vo_v_k0_rs100_pwr0_body0_rail0d98_open0_actual0_ph0_i0_tap1_mains_amp230_f60_fuse1_macrofull_ptc40 7.86s
236/546 numerical_failure P4_t25_vo_ohm_k0_rs100_pwr0_body0_rail0d98_open0_actual0_ph0_i0_tap0_mains_amp230_f60_fuse1_macrofull_ptc40 11.61s
237/546 timeout P2_t25_vo_v_k0_rs330_pwr1_body0_rail1_open0_actual0_ph0_i0_tap2_mains_amp230_f60_fuse1_macrofull_ptc40 30.50s
238/546 numerical_failure P2_t25_vo_v_k0_rs330_pwr1_body0_rail1d02_open0_actual0_ph0_i0_tap0_mains_amp230_f60_fuse1_macrofull_ptc40 22.16s
239/546 numerical_failure P4_t25_vo_ohm_k0_rs100_pwr0_body1_rail0d98_open0_actual0_ph0_i0_tap1_mains_amp230_f60_fuse1_macrofull_ptc40 7.14s
240/546 numerical_failure P4_t25_vo_v_k0_rs100_pwr0_body1_rail0d98_open0_actual0_ph0_i0_tap1_mains_amp230_f60_fuse1_macrofull_ptc40 7.51s
241/546 numerical_failure P4_t25_vo_ohm_k0_rs100_pwr0_body0_rail0d98_open0_actual0_ph0_i0_tap2_mains_amp230_f60_fuse1_macrofull_ptc40 6.87s
242/546 numerical_failure P4_t25_vo_v_k0_rs100_pwr0_body1_rail0d98_open0_actual0_ph0_i0_tap2_mains_amp230_f60_fuse1_macrofull_ptc40 6.65s
243/546 numerical_failure P4_t25_vo_v_k0_rs100_pwr0_body0_rail0d98_open0_actual0_ph0_i0_tap2_mains_amp230_f60_fuse1_macrofull_ptc40 7.62s
244/546 numerical_failure P4_t25_vo_ohm_k0_rs100_pwr0_body1_rail0d98_open0_actual0_ph0_i0_tap2_mains_amp230_f60_fuse1_macrofull_ptc40 7.19s
245/546 numerical_failure P4_t25_vo_ohm_k0_rs100_pwr0_body0_rail1_open0_actual0_ph0_i0_tap0_mains_amp230_f60_fuse1_macrofull_ptc40 6.30s
246/546 numerical_failure P4_t25_vo_v_k0_rs100_pwr0_body0_rail1_open0_actual0_ph0_i0_tap0_mains_amp230_f60_fuse1_macrofull_ptc40 7.20s
247/546 numerical_failure P4_t25_vo_v_k0_rs100_pwr0_body1_rail1_open0_actual0_ph0_i0_tap0_mains_amp230_f60_fuse1_macrofull_ptc40 6.30s
248/546 numerical_failure P4_t25_vo_ohm_k0_rs100_pwr0_body1_rail1_open0_actual0_ph0_i0_tap0_mains_amp230_f60_fuse1_macrofull_ptc40 6.63s
249/546 timeout P2_t25_vo_v_k0_rs330_pwr1_body0_rail1d02_open0_actual0_ph0_i0_tap1_mains_amp230_f60_fuse1_macrofull_ptc40 30.50s
250/546 numerical_failure P4_t25_vo_v_k0_rs100_pwr0_body1_rail1_open0_actual0_ph0_i0_tap1_mains_amp230_f60_fuse1_macrofull_ptc40 5.84s
251/546 numerical_failure P4_t25_vo_v_k0_rs100_pwr0_body0_rail1_open0_actual0_ph0_i0_tap1_mains_amp230_f60_fuse1_macrofull_ptc40 6.75s
252/546 numerical_failure P4_t25_vo_ohm_k0_rs100_pwr0_body0_rail1_open0_actual0_ph0_i0_tap1_mains_amp230_f60_fuse1_macrofull_ptc40 6.62s
253/546 numerical_failure P4_t25_vo_ohm_k0_rs100_pwr0_body1_rail1_open0_actual0_ph0_i0_tap1_mains_amp230_f60_fuse1_macrofull_ptc40 6.29s
254/546 numerical_failure P4_t25_vo_v_k0_rs100_pwr0_body0_rail1_open0_actual0_ph0_i0_tap2_mains_amp230_f60_fuse1_macrofull_ptc40 6.80s
255/546 numerical_failure P4_t25_vo_ohm_k0_rs100_pwr0_body0_rail1_open0_actual0_ph0_i0_tap2_mains_amp230_f60_fuse1_macrofull_ptc40 6.83s
256/546 numerical_failure P4_t25_vo_ohm_k0_rs100_pwr0_body1_rail1_open0_actual0_ph0_i0_tap2_mains_amp230_f60_fuse1_macrofull_ptc40 6.38s
257/546 numerical_failure P4_t25_vo_v_k0_rs100_pwr0_body1_rail1_open0_actual0_ph0_i0_tap2_mains_amp230_f60_fuse1_macrofull_ptc40 6.83s
258/546 timeout P2_t25_vo_v_k0_rs330_pwr1_body0_rail1d02_open0_actual0_ph0_i0_tap2_mains_amp230_f60_fuse1_macrofull_ptc40 30.40s
259/546 numerical_failure P4_t25_vo_ohm_k0_rs100_pwr0_body0_rail1d02_open0_actual0_ph0_i0_tap0_mains_amp230_f60_fuse1_macrofull_ptc40 6.58s
260/546 numerical_failure P4_t25_vo_ohm_k0_rs100_pwr0_body1_rail1d02_open0_actual0_ph0_i0_tap0_mains_amp230_f60_fuse1_macrofull_ptc40 6.30s
261/546 numerical_failure P4_t25_vo_v_k0_rs100_pwr0_body1_rail1d02_open0_actual0_ph0_i0_tap0_mains_amp230_f60_fuse1_macrofull_ptc40 6.62s
262/546 numerical_failure P4_t25_vo_v_k0_rs100_pwr0_body0_rail1d02_open0_actual0_ph0_i0_tap1_mains_amp230_f60_fuse1_macrofull_ptc40 6.78s
263/546 numerical_failure P4_t25_vo_v_k0_rs100_pwr0_body0_rail1d02_open0_actual0_ph0_i0_tap0_mains_amp230_f60_fuse1_macrofull_ptc40 8.85s
264/546 numerical_failure P4_t25_vo_ohm_k0_rs100_pwr0_body0_rail1d02_open0_actual0_ph0_i0_tap1_mains_amp230_f60_fuse1_macrofull_ptc40 5.79s
265/546 numerical_failure P4_t25_vo_v_k0_rs100_pwr0_body1_rail1d02_open0_actual0_ph0_i0_tap1_mains_amp230_f60_fuse1_macrofull_ptc40 6.05s
266/546 numerical_failure P4_t25_vo_ohm_k0_rs100_pwr0_body1_rail1d02_open0_actual0_ph0_i0_tap1_mains_amp230_f60_fuse1_macrofull_ptc40 6.35s
267/546 numerical_failure P4_t25_vo_ohm_k0_rs100_pwr0_body0_rail1d02_open0_actual0_ph0_i0_tap2_mains_amp230_f60_fuse1_macrofull_ptc40 6.07s
268/546 numerical_failure P4_t25_vo_v_k0_rs100_pwr0_body1_rail1d02_open0_actual0_ph0_i0_tap2_mains_amp230_f60_fuse1_macrofull_ptc40 5.82s
269/546 numerical_failure P4_t25_vo_v_k0_rs100_pwr0_body0_rail1d02_open0_actual0_ph0_i0_tap2_mains_amp230_f60_fuse1_macrofull_ptc40 7.58s
270/546 numerical_failure P4_t25_vo_ohm_k0_rs100_pwr0_body1_rail1d02_open0_actual0_ph0_i0_tap2_mains_amp230_f60_fuse1_macrofull_ptc40 6.62s
271/546 numerical_failure P4_t25_vo_v_k0_rs330_pwr0_body0_rail0d98_open0_actual0_ph0_i0_tap0_mains_amp230_f60_fuse1_macrofull_ptc40 6.32s
272/546 numerical_failure P4_t25_vo_ohm_k0_rs330_pwr0_body0_rail0d98_open0_actual0_ph0_i0_tap0_mains_amp230_f60_fuse1_macrofull_ptc40 6.55s
273/546 numerical_failure P4_t25_vo_ohm_k0_rs330_pwr0_body1_rail0d98_open0_actual0_ph0_i0_tap0_mains_amp230_f60_fuse1_macrofull_ptc40 6.04s
274/546 numerical_failure P4_t25_vo_v_k0_rs330_pwr0_body1_rail0d98_open0_actual0_ph0_i0_tap0_mains_amp230_f60_fuse1_macrofull_ptc40 7.54s
275/546 numerical_failure P4_t25_vo_v_k0_rs330_pwr0_body0_rail0d98_open0_actual0_ph0_i0_tap1_mains_amp230_f60_fuse1_macrofull_ptc40 6.30s
276/546 numerical_failure P4_t25_vo_v_k0_rs330_pwr0_body1_rail0d98_open0_actual0_ph0_i0_tap1_mains_amp230_f60_fuse1_macrofull_ptc40 6.04s
277/546 numerical_failure P4_t25_vo_ohm_k0_rs330_pwr0_body1_rail0d98_open0_actual0_ph0_i0_tap1_mains_amp230_f60_fuse1_macrofull_ptc40 6.05s
278/546 numerical_failure P4_t25_vo_ohm_k0_rs330_pwr0_body0_rail0d98_open0_actual0_ph0_i0_tap1_mains_amp230_f60_fuse1_macrofull_ptc40 7.54s
279/546 numerical_failure P4_t25_vo_v_k0_rs330_pwr0_body1_rail0d98_open0_actual0_ph0_i0_tap2_mains_amp230_f60_fuse1_macrofull_ptc40 6.05s
280/546 numerical_failure P4_t25_vo_v_k0_rs330_pwr0_body0_rail0d98_open0_actual0_ph0_i0_tap2_mains_amp230_f60_fuse1_macrofull_ptc40 6.55s
281/546 numerical_failure P4_t25_vo_ohm_k0_rs330_pwr0_body0_rail0d98_open0_actual0_ph0_i0_tap2_mains_amp230_f60_fuse1_macrofull_ptc40 6.32s
282/546 numerical_failure P4_t25_vo_ohm_k0_rs330_pwr0_body1_rail0d98_open0_actual0_ph0_i0_tap2_mains_amp230_f60_fuse1_macrofull_ptc40 6.29s
283/546 numerical_failure P4_t25_vo_ohm_k0_rs330_pwr0_body0_rail1_open0_actual0_ph0_i0_tap0_mains_amp230_f60_fuse1_macrofull_ptc40 5.80s
284/546 numerical_failure P4_t25_vo_v_k0_rs330_pwr0_body0_rail1_open0_actual0_ph0_i0_tap0_mains_amp230_f60_fuse1_macrofull_ptc40 6.03s
285/546 numerical_failure P4_t25_vo_v_k0_rs330_pwr0_body1_rail1_open0_actual0_ph0_i0_tap0_mains_amp230_f60_fuse1_macrofull_ptc40 5.66s
286/546 numerical_failure P4_t25_vo_ohm_k0_rs330_pwr0_body1_rail1_open0_actual0_ph0_i0_tap0_mains_amp230_f60_fuse1_macrofull_ptc40 6.30s
287/546 numerical_failure P4_t25_vo_v_k0_rs330_pwr0_body0_rail1_open0_actual0_ph0_i0_tap1_mains_amp230_f60_fuse1_macrofull_ptc40 6.30s
288/546 numerical_failure P4_t25_vo_ohm_k0_rs330_pwr0_body1_rail1_open0_actual0_ph0_i0_tap1_mains_amp230_f60_fuse1_macrofull_ptc40 5.56s
289/546 numerical_failure P4_t25_vo_v_k0_rs330_pwr0_body1_rail1_open0_actual0_ph0_i0_tap1_mains_amp230_f60_fuse1_macrofull_ptc40 6.09s
290/546 numerical_failure P4_t25_vo_ohm_k0_rs330_pwr0_body0_rail1_open0_actual0_ph0_i0_tap1_mains_amp230_f60_fuse1_macrofull_ptc40 6.61s
291/546 numerical_failure P4_t25_vo_v_k0_rs330_pwr0_body0_rail1_open0_actual0_ph0_i0_tap2_mains_amp230_f60_fuse1_macrofull_ptc40 7.80s
292/546 numerical_failure P4_t25_vo_ohm_k0_rs330_pwr0_body1_rail1_open0_actual0_ph0_i0_tap2_mains_amp230_f60_fuse1_macrofull_ptc40 5.78s
293/546 numerical_failure P4_t25_vo_ohm_k0_rs330_pwr0_body0_rail1_open0_actual0_ph0_i0_tap2_mains_amp230_f60_fuse1_macrofull_ptc40 6.55s
294/546 numerical_failure P4_t25_vo_v_k0_rs330_pwr0_body0_rail1d02_open0_actual0_ph0_i0_tap0_mains_amp230_f60_fuse1_macrofull_ptc40 6.02s
295/546 numerical_failure P4_t25_vo_v_k0_rs330_pwr0_body1_rail1_open0_actual0_ph0_i0_tap2_mains_amp230_f60_fuse1_macrofull_ptc40 7.89s
296/546 numerical_failure P4_t25_vo_ohm_k0_rs330_pwr0_body0_rail1d02_open0_actual0_ph0_i0_tap0_mains_amp230_f60_fuse1_macrofull_ptc40 6.53s
297/546 numerical_failure P4_t25_vo_ohm_k0_rs330_pwr0_body1_rail1d02_open0_actual0_ph0_i0_tap0_mains_amp230_f60_fuse1_macrofull_ptc40 6.04s
299/546 numerical_failure P4_t25_vo_v_k0_rs330_pwr0_body0_rail1d02_open0_actual0_ph0_i0_tap1_mains_amp230_f60_fuse1_macrofull_ptc40 6.05s
300/546 numerical_failure P4_t25_vo_v_k0_rs330_pwr0_body1_rail1d02_open0_actual0_ph0_i0_tap0_mains_amp230_f60_fuse1_macrofull_ptc40 7.55s
301/546 numerical_failure P4_t25_vo_ohm_k0_rs330_pwr0_body0_rail1d02_open0_actual0_ph0_i0_tap1_mains_amp230_f60_fuse1_macrofull_ptc40 7.04s
302/546 numerical_failure P4_t25_vo_ohm_k0_rs330_pwr0_body1_rail1d02_open0_actual0_ph0_i0_tap1_mains_amp230_f60_fuse1_macrofull_ptc40 5.81s
303/546 numerical_failure P4_t25_vo_v_k0_rs330_pwr0_body0_rail1d02_open0_actual0_ph0_i0_tap2_mains_amp230_f60_fuse1_macrofull_ptc40 6.31s
304/546 numerical_failure P4_t25_vo_v_k0_rs330_pwr0_body1_rail1d02_open0_actual0_ph0_i0_tap1_mains_amp230_f60_fuse1_macrofull_ptc40 7.29s
305/546 numerical_failure P4_t25_vo_ohm_k0_rs330_pwr0_body0_rail1d02_open0_actual0_ph0_i0_tap2_mains_amp230_f60_fuse1_macrofull_ptc40 5.84s
306/546 numerical_failure P4_t25_vo_v_k0_rs330_pwr0_body1_rail1d02_open0_actual0_ph0_i0_tap2_mains_amp230_f60_fuse1_macrofull_ptc40 5.58s
308/546 numerical_failure P4_t25_vo_ohm_k0_rs330_pwr0_body1_rail1d02_open0_actual0_ph0_i0_tap2_mains_amp230_f60_fuse1_macrofull_ptc40 6.06s
310/546 timeout P5_t25_a_v_k0_rs100_pwr1_body0_rail0d98_open0_actual0_ph90_i0_tap4_mains_amp230_f60_fuse1_macrofull_ptc40 30.40s
312/546 timeout P5_t25_a_v_k0_rs100_pwr1_body0_rail0d98_open0_actual0_ph0_i0_tap5_mains_amp230_f60_fuse0_macrofull_ptc40 30.40s
313/546 timeout P5_t25_a_v_k0_rs100_pwr1_body0_rail1_open0_actual0_ph90_i0_tap4_mains_amp230_f60_fuse1_macrofull_ptc40 30.38s
314/546 timeout P5_t25_a_v_k0_rs100_pwr1_body0_rail1_open0_actual0_ph0_i0_tap5_mains_amp230_f60_fuse0_macrofull_ptc40 30.37s
315/546 timeout P5_t25_a_v_k0_rs100_pwr1_body0_rail1d02_open0_actual0_ph90_i0_tap4_mains_amp230_f60_fuse1_macrofull_ptc40 30.41s
316/546 timeout P5_t25_a_v_k0_rs100_pwr1_body0_rail1d02_open0_actual0_ph0_i0_tap5_mains_amp230_f60_fuse0_macrofull_ptc40 30.41s
317/546 timeout P5_t25_a_v_k0_rs330_pwr1_body0_rail0d98_open0_actual0_ph90_i0_tap4_mains_amp230_f60_fuse1_macrofull_ptc40 30.55s
318/546 timeout P5_t25_a_v_k0_rs330_pwr1_body0_rail0d98_open0_actual0_ph0_i0_tap5_mains_amp230_f60_fuse0_macrofull_ptc40 30.38s
320/546 ok P5_t25_a_v_k0_rs330_pwr1_body0_rail1d02_open0_actual0_ph0_i0_tap4_mains_amp230_f60_fuse1_macrofull_ptc40 29.64s
321/546 timeout P5_t25_a_v_k0_rs330_pwr1_body0_rail1_open0_actual0_ph90_i0_tap4_mains_amp230_f60_fuse1_macrofull_ptc40 30.41s
322/546 timeout P5_t25_a_v_k0_rs330_pwr1_body0_rail1_open0_actual0_ph0_i0_tap5_mains_amp230_f60_fuse0_macrofull_ptc40 30.41s
323/546 timeout P5_t25_a_v_k0_rs330_pwr1_body0_rail1d02_open0_actual0_ph90_i0_tap4_mains_amp230_f60_fuse1_macrofull_ptc40 30.39s
325/546 timeout P5_t25_a_v_k0_rs330_pwr1_body0_rail1d02_open0_actual0_ph0_i0_tap5_mains_amp230_f60_fuse0_macrofull_ptc40 30.35s
326/546 timeout P1_t25_vo_v_k0_rs100_pwr1_body0_rail0d98_open0_actual0_ph0_i0_tap0_dc_ampm50_f60_fuse1_macrofull_ptc40 30.42s
327/546 timeout P1_t25_vo_v_k0_rs100_pwr1_body0_rail0d98_open0_actual0_ph0_i0_tap0_dc_amp50_f60_fuse1_macrofull_ptc40 30.40s
328/546 timeout P1_t25_vo_v_k0_rs100_pwr1_body0_rail0d98_open0_actual0_ph0_i0_tap0_sine_amp50_f60_fuse1_macrofull_ptc40 30.41s
329/546 timeout P1_t25_vo_v_k0_rs100_pwr1_body0_rail0d98_open0_actual0_ph0_i0_tap0_sine_amp50_f20000_fuse1_macrofull_ptc40 30.35s
330/546 timeout P1_t25_vo_v_k0_rs100_pwr1_body0_rail0d98_open0_actual0_ph0_i0_tap1_dc_ampm50_f60_fuse1_macrofull_ptc40 30.37s
331/546 timeout P1_t25_vo_v_k0_rs100_pwr1_body0_rail0d98_open0_actual0_ph0_i0_tap1_dc_amp50_f60_fuse1_macrofull_ptc40 30.37s
332/546 timeout P1_t25_vo_v_k0_rs100_pwr1_body0_rail0d98_open0_actual0_ph0_i0_tap1_sine_amp50_f60_fuse1_macrofull_ptc40 30.36s
333/546 timeout P1_t25_vo_v_k0_rs100_pwr1_body0_rail0d98_open0_actual0_ph0_i0_tap1_sine_amp50_f20000_fuse1_macrofull_ptc40 30.36s
334/546 timeout P1_t25_vo_v_k0_rs100_pwr1_body0_rail0d98_open0_actual0_ph0_i0_tap2_dc_amp50_f60_fuse1_macrofull_ptc40 30.38s
335/546 timeout P1_t25_vo_v_k0_rs100_pwr1_body0_rail0d98_open0_actual0_ph0_i0_tap2_sine_amp50_f60_fuse1_macrofull_ptc40 30.35s
336/546 timeout P1_t25_vo_v_k0_rs100_pwr1_body0_rail0d98_open0_actual0_ph0_i0_tap2_sine_amp50_f20000_fuse1_macrofull_ptc40 30.37s
337/546 timeout P1_t25_vo_diode_k1_rs100_pwr1_body0_rail0d98_open0_actual0d003_ph0_i0d001_tap6_load_amp230_f60_fuse1_macrofull_ptc40 30.37s
338/546 timeout P1_t25_vo_diode_k1_rs100_pwr1_body0_rail0d98_open0_actual0d003_ph0_i0d001_tap6_load_amp230_f60_fuse1_macrofull_ptc60 30.39s
339/546 timeout P1_t25_vo_leak_k1_rs100_pwr1_body0_rail0d98_open0_actual0d003_ph0_i1em06_tap6_load_amp230_f60_fuse1_macrofull_ptc40 30.37s
340/546 ok P1_t25_vo_leak_k1_rs100_pwr1_body0_rail0d98_open0_actual0d003_ph0_i2em07_tap6_load_amp230_f60_fuse1_macrofull_ptc40 19.59s
342/546 timeout P1_t25_vo_leak_k1_rs100_pwr1_body0_rail0d98_open0_actual0d003_ph0_i1em06_tap6_load_amp230_f60_fuse1_macrofull_ptc60 30.38s
344/546 timeout P1_t25_vo_v_k0_rs100_pwr1_body0_rail1_open0_actual0_ph0_i0_tap0_dc_ampm50_f60_fuse1_macrofull_ptc40 30.38s
345/546 timeout P1_t25_vo_v_k0_rs100_pwr1_body0_rail1_open0_actual0_ph0_i0_tap0_dc_amp50_f60_fuse1_macrofull_ptc40 30.36s
346/546 timeout P1_t25_vo_v_k0_rs100_pwr1_body0_rail1_open0_actual0_ph0_i0_tap1_dc_ampm50_f60_fuse1_macrofull_ptc40 30.38s
347/546 timeout P1_t25_vo_v_k0_rs100_pwr1_body0_rail1_open0_actual0_ph0_i0_tap0_sine_amp50_f20000_fuse1_macrofull_ptc40 30.37s
348/546 timeout P1_t25_vo_v_k0_rs100_pwr1_body0_rail1_open0_actual0_ph0_i0_tap1_dc_amp50_f60_fuse1_macrofull_ptc40 30.36s
349/546 timeout P1_t25_vo_v_k0_rs100_pwr1_body0_rail1_open0_actual0_ph0_i0_tap1_sine_amp50_f60_fuse1_macrofull_ptc40 30.34s
350/546 timeout P1_t25_vo_v_k0_rs100_pwr1_body0_rail1_open0_actual0_ph0_i0_tap1_sine_amp50_f20000_fuse1_macrofull_ptc40 30.39s
351/546 timeout P1_t25_vo_v_k0_rs100_pwr1_body0_rail1_open0_actual0_ph0_i0_tap2_dc_ampm50_f60_fuse1_macrofull_ptc40 30.35s
352/546 timeout P1_t25_vo_v_k0_rs100_pwr1_body0_rail1_open0_actual0_ph0_i0_tap2_dc_amp50_f60_fuse1_macrofull_ptc40 30.36s
353/546 timeout P1_t25_vo_v_k0_rs100_pwr1_body0_rail1_open0_actual0_ph0_i0_tap2_sine_amp50_f60_fuse1_macrofull_ptc40 30.37s
354/546 timeout P1_t25_vo_v_k0_rs100_pwr1_body0_rail1_open0_actual0_ph0_i0_tap2_sine_amp50_f20000_fuse1_macrofull_ptc40 30.40s
355/546 timeout P1_t25_vo_diode_k1_rs100_pwr1_body0_rail1_open0_actual0d003_ph0_i0d001_tap6_load_amp230_f60_fuse1_macrofull_ptc40 30.36s
356/546 timeout P1_t25_vo_diode_k1_rs100_pwr1_body0_rail1_open0_actual0d003_ph0_i0d001_tap6_load_amp230_f60_fuse1_macrofull_ptc60 30.38s
357/546 timeout P1_t25_vo_leak_k1_rs100_pwr1_body0_rail1_open0_actual0d003_ph0_i1em06_tap6_load_amp230_f60_fuse1_macrofull_ptc40 30.38s
358/546 timeout P1_t25_vo_leak_k1_rs100_pwr1_body0_rail1_open0_actual0d003_ph0_i1em06_tap6_load_amp230_f60_fuse1_macrofull_ptc60 30.46s
359/546 timeout P1_t25_vo_leak_k1_rs100_pwr1_body0_rail1_open0_actual0d003_ph0_i2em07_tap6_load_amp230_f60_fuse1_macrofull_ptc40 30.34s
360/546 timeout P1_t25_vo_leak_k1_rs100_pwr1_body0_rail1_open0_actual0d003_ph0_i2em07_tap6_load_amp230_f60_fuse1_macrofull_ptc60 30.37s
361/546 timeout P1_t25_vo_v_k0_rs100_pwr1_body0_rail1d02_open0_actual0_ph0_i0_tap0_dc_ampm50_f60_fuse1_macrofull_ptc40 30.38s
362/546 timeout P1_t25_vo_v_k0_rs100_pwr1_body0_rail1d02_open0_actual0_ph0_i0_tap0_dc_amp50_f60_fuse1_macrofull_ptc40 30.35s
364/546 timeout P1_t25_vo_v_k0_rs100_pwr1_body0_rail1d02_open0_actual0_ph0_i0_tap0_sine_amp50_f20000_fuse1_macrofull_ptc40 30.36s
365/546 timeout P1_t25_vo_v_k0_rs100_pwr1_body0_rail1d02_open0_actual0_ph0_i0_tap1_dc_ampm50_f60_fuse1_macrofull_ptc40 30.39s
366/546 timeout P1_t25_vo_v_k0_rs100_pwr1_body0_rail1d02_open0_actual0_ph0_i0_tap1_dc_amp50_f60_fuse1_macrofull_ptc40 30.37s
367/546 timeout P1_t25_vo_v_k0_rs100_pwr1_body0_rail1d02_open0_actual0_ph0_i0_tap1_sine_amp50_f60_fuse1_macrofull_ptc40 30.37s
368/546 timeout P1_t25_vo_v_k0_rs100_pwr1_body0_rail1d02_open0_actual0_ph0_i0_tap1_sine_amp50_f20000_fuse1_macrofull_ptc40 30.40s
369/546 timeout P1_t25_vo_v_k0_rs100_pwr1_body0_rail1d02_open0_actual0_ph0_i0_tap2_dc_ampm50_f60_fuse1_macrofull_ptc40 30.37s
370/546 ok P1_t25_vo_v_k0_rs100_pwr1_body0_rail1d02_open0_actual0_ph0_i0_tap2_sine_amp50_f60_fuse1_macrofull_ptc40 25.87s
371/546 timeout P1_t25_vo_v_k0_rs100_pwr1_body0_rail1d02_open0_actual0_ph0_i0_tap2_dc_amp50_f60_fuse1_macrofull_ptc40 30.39s
372/546 timeout P1_t25_vo_v_k0_rs100_pwr1_body0_rail1d02_open0_actual0_ph0_i0_tap2_sine_amp50_f20000_fuse1_macrofull_ptc40 30.38s
373/546 timeout P1_t25_vo_diode_k1_rs100_pwr1_body0_rail1d02_open0_actual0d003_ph0_i0d001_tap6_load_amp230_f60_fuse1_macrofull_ptc40 30.35s
374/546 timeout P1_t25_vo_diode_k1_rs100_pwr1_body0_rail1d02_open0_actual0d003_ph0_i0d001_tap6_load_amp230_f60_fuse1_macrofull_ptc60 30.36s
375/546 timeout P1_t25_vo_leak_k1_rs100_pwr1_body0_rail1d02_open0_actual0d003_ph0_i1em06_tap6_load_amp230_f60_fuse1_macrofull_ptc40 30.40s
376/546 timeout P1_t25_vo_leak_k1_rs100_pwr1_body0_rail1d02_open0_actual0d003_ph0_i1em06_tap6_load_amp230_f60_fuse1_macrofull_ptc60 30.40s
377/546 timeout P1_t25_vo_leak_k1_rs100_pwr1_body0_rail1d02_open0_actual0d003_ph0_i2em07_tap6_load_amp230_f60_fuse1_macrofull_ptc40 30.39s
378/546 timeout P1_t25_vo_leak_k1_rs100_pwr1_body0_rail1d02_open0_actual0d003_ph0_i2em07_tap6_load_amp230_f60_fuse1_macrofull_ptc60 30.44s
379/546 timeout P1_t25_vo_v_k0_rs330_pwr1_body0_rail0d98_open0_actual0_ph0_i0_tap0_dc_ampm50_f60_fuse1_macrofull_ptc40 30.36s
380/546 timeout P1_t25_vo_v_k0_rs330_pwr1_body0_rail0d98_open0_actual0_ph0_i0_tap0_dc_amp50_f60_fuse1_macrofull_ptc40 30.43s
381/546 timeout P1_t25_vo_v_k0_rs330_pwr1_body0_rail0d98_open0_actual0_ph0_i0_tap0_sine_amp50_f60_fuse1_macrofull_ptc40 30.38s
382/546 timeout P1_t25_vo_v_k0_rs330_pwr1_body0_rail0d98_open0_actual0_ph0_i0_tap0_sine_amp50_f20000_fuse1_macrofull_ptc40 30.36s
383/546 timeout P1_t25_vo_v_k0_rs330_pwr1_body0_rail0d98_open0_actual0_ph0_i0_tap1_dc_ampm50_f60_fuse1_macrofull_ptc40 30.33s
384/546 timeout P1_t25_vo_v_k0_rs330_pwr1_body0_rail0d98_open0_actual0_ph0_i0_tap1_dc_amp50_f60_fuse1_macrofull_ptc40 30.34s
385/546 timeout P1_t25_vo_v_k0_rs330_pwr1_body0_rail0d98_open0_actual0_ph0_i0_tap1_sine_amp50_f60_fuse1_macrofull_ptc40 30.37s
386/546 timeout P1_t25_vo_v_k0_rs330_pwr1_body0_rail0d98_open0_actual0_ph0_i0_tap1_sine_amp50_f20000_fuse1_macrofull_ptc40 30.37s
387/546 timeout P1_t25_vo_v_k0_rs330_pwr1_body0_rail0d98_open0_actual0_ph0_i0_tap2_dc_ampm50_f60_fuse1_macrofull_ptc40 30.35s
388/546 timeout P1_t25_vo_v_k0_rs330_pwr1_body0_rail0d98_open0_actual0_ph0_i0_tap2_dc_amp50_f60_fuse1_macrofull_ptc40 30.35s
389/546 timeout P1_t25_vo_v_k0_rs330_pwr1_body0_rail0d98_open0_actual0_ph0_i0_tap2_sine_amp50_f60_fuse1_macrofull_ptc40 30.34s
390/546 timeout P1_t25_vo_v_k0_rs330_pwr1_body0_rail0d98_open0_actual0_ph0_i0_tap2_sine_amp50_f20000_fuse1_macrofull_ptc40 30.34s
391/546 timeout P1_t25_vo_diode_k1_rs330_pwr1_body0_rail0d98_open0_actual0d003_ph0_i0d001_tap6_load_amp230_f60_fuse1_macrofull_ptc40 30.39s
394/546 timeout P1_t25_vo_diode_k1_rs330_pwr1_body0_rail0d98_open0_actual0d003_ph0_i0d001_tap6_load_amp230_f60_fuse1_macrofull_ptc60 30.38s
395/546 timeout P1_t25_vo_leak_k1_rs330_pwr1_body0_rail0d98_open0_actual0d003_ph0_i1em06_tap6_load_amp230_f60_fuse1_macrofull_ptc40 30.45s
396/546 timeout P1_t25_vo_leak_k1_rs330_pwr1_body0_rail0d98_open0_actual0d003_ph0_i1em06_tap6_load_amp230_f60_fuse1_macrofull_ptc60 30.35s
398/546 timeout P1_t25_vo_v_k0_rs330_pwr1_body0_rail1_open0_actual0_ph0_i0_tap0_dc_ampm50_f60_fuse1_macrofull_ptc40 30.40s
399/546 timeout P1_t25_vo_v_k0_rs330_pwr1_body0_rail1_open0_actual0_ph0_i0_tap0_dc_amp50_f60_fuse1_macrofull_ptc40 30.38s
400/546 timeout P1_t25_vo_v_k0_rs330_pwr1_body0_rail1_open0_actual0_ph0_i0_tap0_sine_amp50_f20000_fuse1_macrofull_ptc40 30.40s
401/546 timeout P1_t25_vo_v_k0_rs330_pwr1_body0_rail1_open0_actual0_ph0_i0_tap1_dc_ampm50_f60_fuse1_macrofull_ptc40 30.37s
402/546 timeout P1_t25_vo_v_k0_rs330_pwr1_body0_rail1_open0_actual0_ph0_i0_tap1_dc_amp50_f60_fuse1_macrofull_ptc40 30.40s
403/546 timeout P1_t25_vo_v_k0_rs330_pwr1_body0_rail1_open0_actual0_ph0_i0_tap1_sine_amp50_f60_fuse1_macrofull_ptc40 30.35s
404/546 timeout P1_t25_vo_v_k0_rs330_pwr1_body0_rail1_open0_actual0_ph0_i0_tap1_sine_amp50_f20000_fuse1_macrofull_ptc40 30.36s
405/546 timeout P1_t25_vo_v_k0_rs330_pwr1_body0_rail1_open0_actual0_ph0_i0_tap2_dc_ampm50_f60_fuse1_macrofull_ptc40 30.34s
406/546 timeout P1_t25_vo_v_k0_rs330_pwr1_body0_rail1_open0_actual0_ph0_i0_tap2_dc_amp50_f60_fuse1_macrofull_ptc40 30.35s
407/546 timeout P1_t25_vo_v_k0_rs330_pwr1_body0_rail1_open0_actual0_ph0_i0_tap2_sine_amp50_f60_fuse1_macrofull_ptc40 30.34s
408/546 timeout P1_t25_vo_v_k0_rs330_pwr1_body0_rail1_open0_actual0_ph0_i0_tap2_sine_amp50_f20000_fuse1_macrofull_ptc40 30.39s
409/546 timeout P1_t25_vo_diode_k1_rs330_pwr1_body0_rail1_open0_actual0d003_ph0_i0d001_tap6_load_amp230_f60_fuse1_macrofull_ptc40 30.37s
410/546 timeout P1_t25_vo_diode_k1_rs330_pwr1_body0_rail1_open0_actual0d003_ph0_i0d001_tap6_load_amp230_f60_fuse1_macrofull_ptc60 30.38s
411/546 timeout P1_t25_vo_leak_k1_rs330_pwr1_body0_rail1_open0_actual0d003_ph0_i1em06_tap6_load_amp230_f60_fuse1_macrofull_ptc40 30.37s
412/546 timeout P1_t25_vo_leak_k1_rs330_pwr1_body0_rail1_open0_actual0d003_ph0_i1em06_tap6_load_amp230_f60_fuse1_macrofull_ptc60 30.37s
413/546 timeout P1_t25_vo_leak_k1_rs330_pwr1_body0_rail1_open0_actual0d003_ph0_i2em07_tap6_load_amp230_f60_fuse1_macrofull_ptc40 30.36s
414/546 timeout P1_t25_vo_leak_k1_rs330_pwr1_body0_rail1_open0_actual0d003_ph0_i2em07_tap6_load_amp230_f60_fuse1_macrofull_ptc60 30.34s
415/546 timeout P1_t25_vo_v_k0_rs330_pwr1_body0_rail1d02_open0_actual0_ph0_i0_tap0_dc_ampm50_f60_fuse1_macrofull_ptc40 30.36s
417/546 timeout P1_t25_vo_v_k0_rs330_pwr1_body0_rail1d02_open0_actual0_ph0_i0_tap0_dc_amp50_f60_fuse1_macrofull_ptc40 30.38s
418/546 timeout P1_t25_vo_v_k0_rs330_pwr1_body0_rail1d02_open0_actual0_ph0_i0_tap0_sine_amp50_f20000_fuse1_macrofull_ptc40 30.36s
419/546 timeout P1_t25_vo_v_k0_rs330_pwr1_body0_rail1d02_open0_actual0_ph0_i0_tap1_dc_ampm50_f60_fuse1_macrofull_ptc40 30.43s
