10/570 ok P3_t25_vo_ohm_k1_rs100_pwr1_body0_rail0d98_open0d1_actual0d10300000000000001_ph0_i0_tap6_mains_amp230_f60_fuse1_macroreduced_ptc40_grid0d5 67.98s
20/570 ok P3_t25_vo_ohm_k1_rs100_pwr1_body0_rail0d98_opennever_actualnever_ph0_i1em06_tap6_mains_amp230_f60_fuse1_macroreduced_ptc40_grid0d5 67.45s
30/570 ok P3_t25_vo_ohm_k1_rs100_pwr1_body0_rail0d98_open0d1_actual0d10300000000000001_ph90_i0d001_tap6_mains_amp230_f60_fuse1_macroreduced_ptc60_grid0d5 71.99s
40/570 ok P3_t25_vo_ohm_k1_rs100_pwr1_body0_rail1_open0d02_actual0d023_ph0_i1em06_tap6_mains_amp230_f60_fuse1_macroreduced_ptc60_grid0d5 66.97s
50/570 ok P3_t25_vo_ohm_k1_rs100_pwr1_body0_rail1_open0d1_actual0d10300000000000001_ph0_i1em06_tap6_mains_amp230_f60_fuse1_macroreduced_ptc60_grid0d5 74.28s
60/570 ok P3_t25_vo_ohm_k1_rs100_pwr1_body0_rail1_open0d1_actual0d10300000000000001_ph90_i0d001_tap6_mains_amp230_f60_fuse1_macroreduced_ptc40_grid0d5 71.22s
70/570 ok P3_t25_vo_ohm_k1_rs100_pwr1_body0_rail1_opennever_actualnever_ph90_i0_tap6_mains_amp230_f60_fuse1_macroreduced_ptc40_grid0d5 70.97s
80/570 ok P3_t25_vo_ohm_k1_rs100_pwr1_body0_rail1d02_open0d02_actual0d023_ph0_i1em06_tap6_mains_amp230_f60_fuse1_macroreduced_ptc60_grid0d5 68.01s
90/570 ok P3_t25_vo_ohm_k1_rs100_pwr1_body0_rail1d02_opennever_actualnever_ph0_i0_tap6_mains_amp230_f60_fuse1_macroreduced_ptc60_grid0d5 75.49s
100/570 ok P3_t25_vo_ohm_k1_rs100_pwr1_body0_rail1d02_open0d1_actual0d10300000000000001_ph90_i1em06_tap6_mains_amp230_f60_fuse1_macroreduced_ptc40_grid0d5 71.48s
110/570 ok P3_t25_vo_ohm_k1_rs330_pwr1_body0_rail0d98_open0d02_actual0d023_ph0_i0d001_tap6_mains_amp230_f60_fuse1_macroreduced_ptc60_grid0d5 70.21s
120/570 ok P3_t25_vo_ohm_k1_rs330_pwr1_body0_rail0d98_open0d1_actual0d10300000000000001_ph0_i0_tap6_mains_amp230_f60_fuse1_macroreduced_ptc60_grid0d5 74.26s
130/570 ok P3_t25_vo_ohm_k1_rs330_pwr1_body0_rail0d98_open0d02_actual0d023_ph90_i1em06_tap6_mains_amp230_f60_fuse1_macroreduced_ptc60_grid0d5 67.71s
140/570 ok P3_t25_vo_ohm_k1_rs330_pwr1_body0_rail0d98_opennever_actualnever_ph90_i0_tap6_mains_amp230_f60_fuse1_macroreduced_ptc40_grid0d5 69.96s
150/570 ok P3_t25_vo_ohm_k1_rs330_pwr1_body0_rail1_open0d1_actual0d10300000000000001_ph0_i0d001_tap6_mains_amp230_f60_fuse1_macroreduced_ptc60_grid0d5 75.26s
160/570 ok P3_t25_vo_ohm_k1_rs330_pwr1_body0_rail1_opennever_actualnever_ph0_i0_tap6_mains_amp230_f60_fuse1_macroreduced_ptc60_grid0d5 72.97s
170/570 ok P3_t25_vo_ohm_k1_rs330_pwr1_body0_rail1_open0d1_actual0d10300000000000001_ph90_i0d001_tap6_mains_amp230_f60_fuse1_macroreduced_ptc40_grid0d5 69.24s
180/570 ok P3_t25_vo_ohm_k1_rs330_pwr1_body0_rail1_opennever_actualnever_ph90_i0_tap6_mains_amp230_f60_fuse1_macroreduced_ptc40_grid0d5 69.71s
190/570 ok P3_t25_vo_ohm_k1_rs330_pwr1_body0_rail1d02_opennever_actualnever_ph0_i0d001_tap6_mains_amp230_f60_fuse1_macroreduced_ptc40_grid0d5 75.24s
200/570 ok P3_t25_vo_ohm_k1_rs330_pwr1_body0_rail1d02_opennever_actualnever_ph0_i0_tap6_mains_amp230_f60_fuse1_macroreduced_ptc40_grid0d5 72.48s
210/570 ok P3_t25_vo_ohm_k1_rs330_pwr1_body0_rail1d02_opennever_actualnever_ph90_i0d001_tap6_mains_amp230_f60_fuse1_macroreduced_ptc40_grid0d5 70.22s
220/570 ok P2_t25_vo_v_k0_rs100_pwr1_body0_rail1_open0_actual0_ph0_i0_tap1_mains_amp230_f60_fuse1_macroreduced_ptc40_grid0d5 64.21s
230/570 ok P2_t25_vo_v_k0_rs330_pwr1_body0_rail1_open0_actual0_ph0_i0_tap0_mains_amp230_f60_fuse1_macroreduced_ptc40_grid0d5 65.77s
240/570 ok P4_t25_vo_v_k0_rs100_pwr0_body1_rail0d98_open0_actual0_ph0_i0_tap1_mains_amp230_f60_fuse1_macroreduced_ptc40_grid0d5 73.03s
250/570 ok P4_t25_vo_v_k0_rs100_pwr0_body0_rail1_open0_actual0_ph0_i0_tap1_mains_amp230_f60_fuse1_macroreduced_ptc40_grid0d5 64.73s
260/570 ok P4_t25_vo_v_k0_rs100_pwr0_body1_rail1d02_open0_actual0_ph0_i0_tap0_mains_amp230_f60_fuse1_macroreduced_ptc40_grid0d5 66.22s
270/570 ok P4_t25_vo_v_k0_rs100_pwr0_body1_rail1d02_open0_actual0_ph0_i0_tap2_mains_amp230_f60_fuse1_macroreduced_ptc40_grid0d5 65.45s
280/570 ok P4_t25_vo_ohm_k0_rs330_pwr0_body1_rail0d98_open0_actual0_ph0_i0_tap2_mains_amp230_f60_fuse1_macroreduced_ptc40_grid0d5 73.78s
290/570 ok P4_t25_vo_ohm_k0_rs330_pwr0_body0_rail1_open0_actual0_ph0_i0_tap2_mains_amp230_f60_fuse1_macroreduced_ptc40_grid0d5 66.46s
300/570 ok P5_t25_a_v_k0_rs100_pwr1_body0_rail0d98_open0_actual0_ph0_i0_tap4_mains_amp230_f60_fuse1_macroreduced_ptc40_grid1 2.54s
310/570 ok P4_t25_vo_ohm_k0_rs330_pwr0_body1_rail1d02_open0_actual0_ph0_i0_tap2_mains_amp230_f60_fuse1_macroreduced_ptc40_grid0d5 66.51s
320/570 ok P5_t25_a_v_k0_rs100_pwr1_body0_rail1_open0_actual0_ph90_i0_tap4_mains_amp230_f60_fuse1_macroreduced_ptc40_grid2 3.78s
330/570 ok P5_t25_a_v_k0_rs330_pwr1_body0_rail0d98_open0_actual0_ph0_i0_tap4_mains_amp230_f60_fuse1_macroreduced_ptc40_grid0d5 4.32s
340/570 ok P5_t25_a_v_k0_rs330_pwr1_body0_rail1_open0_actual0_ph90_i0_tap4_mains_amp230_f60_fuse1_macroreduced_ptc40_grid0d5 3.28s
350/570 ok P1_t25_vo_v_k0_rs100_pwr1_body0_rail0d98_open0_actual0_ph0_i0_tap1_dc_amp50_f60_fuse1_macrofull_ptc40_grid0d5 258.63s
360/570 ok P1_t25_vo_v_k0_rs100_pwr1_body0_rail1_open0_actual0_ph0_i0_tap0_sine_amp50_f60_fuse1_macrofull_ptc40_grid0d5 21.84s
367/570 timeout P1_t25_vo_v_k0_rs100_pwr1_body0_rail0d98_open0_actual0_ph0_i0_tap0_sine_amp50_f60_fuse1_macrofull_ptc40_grid0d5 300.30s
369/570 timeout P1_t25_vo_v_k0_rs100_pwr1_body0_rail0d98_open0_actual0_ph0_i0_tap0_dc_ampm50_f60_fuse1_macrofull_ptc40_grid0d5 300.33s
370/570 timeout P1_t25_vo_v_k0_rs100_pwr1_body0_rail0d98_open0_actual0_ph0_i0_tap0_sine_amp50_f20000_fuse1_macrofull_ptc40_grid0d5 300.43s
371/570 timeout P1_t25_vo_v_k0_rs100_pwr1_body0_rail0d98_open0_actual0_ph0_i0_tap1_dc_ampm50_f60_fuse1_macrofull_ptc40_grid0d5 300.44s
372/570 timeout P1_t25_vo_v_k0_rs100_pwr1_body0_rail1_open0_actual0_ph0_i0_tap0_dc_ampm50_f60_fuse1_macrofull_ptc40_grid0d5 300.38s
373/570 timeout P1_t25_vo_v_k0_rs100_pwr1_body0_rail1_open0_actual0_ph0_i0_tap1_dc_ampm50_f60_fuse1_macrofull_ptc40_grid0d5 300.34s
379/570 numerical_failure P1_t25_vo_v_k0_rs100_pwr1_body0_rail1_open0_actual0_ph0_i0_tap2_dc_ampm50_f60_fuse1_macrofull_ptc40_grid0d5 219.78s
380/570 ok P1_t25_vo_diode_k1_rs100_pwr1_body0_rail1_opennever_actualnever_ph0_i0d001_tap6_load_amp230_f60_fuse1_macrofull_ptc40_grid0d5 163.08s
385/570 timeout P1_t25_vo_diode_k1_rs100_pwr1_body0_rail1_opennever_actualnever_ph0_i0d001_tap6_load_amp230_f60_fuse1_macrofull_ptc60_grid0d5 300.40s
386/570 timeout P1_t25_vo_leak_k1_rs100_pwr1_body0_rail1_opennever_actualnever_ph0_i1em06_tap6_load_amp230_f60_fuse1_macrofull_ptc40_grid0d5 300.43s
388/570 timeout P1_t25_vo_leak_k1_rs100_pwr1_body0_rail1_opennever_actualnever_ph0_i1em06_tap6_load_amp230_f60_fuse1_macrofull_ptc60_grid0d5 300.39s
389/570 timeout P1_t25_vo_leak_k1_rs100_pwr1_body0_rail1_opennever_actualnever_ph0_i2em07_tap6_load_amp230_f60_fuse1_macrofull_ptc40_grid0d5 300.30s
390/570 ok P1_t25_vo_v_k0_rs100_pwr1_body0_rail1d02_open0_actual0_ph0_i0_tap2_sine_amp50_f60_fuse1_macrofull_ptc40_grid0d5 21.59s
392/570 timeout P1_t25_vo_leak_k1_rs100_pwr1_body0_rail1_opennever_actualnever_ph0_i2em07_tap6_load_amp230_f60_fuse1_macrofull_ptc60_grid0d5 300.24s
394/570 timeout P1_t25_vo_v_k0_rs100_pwr1_body0_rail1d02_open0_actual0_ph0_i0_tap0_dc_ampm50_f60_fuse1_macrofull_ptc40_grid0d5 300.34s
400/570 ok P1_t25_vo_leak_k1_rs100_pwr1_body0_rail1d02_opennever_actualnever_ph0_i2em07_tap6_load_amp230_f60_fuse1_macrofull_ptc60_grid0d5 199.19s
401/570 timeout P1_t25_vo_v_k0_rs100_pwr1_body0_rail1d02_open0_actual0_ph0_i0_tap2_dc_ampm50_f60_fuse1_macrofull_ptc40_grid0d5 300.23s
403/570 timeout P1_t25_vo_diode_k1_rs100_pwr1_body0_rail1d02_opennever_actualnever_ph0_i0d001_tap6_load_amp230_f60_fuse1_macrofull_ptc40_grid0d5 300.24s
408/570 timeout P1_t25_vo_v_k0_rs330_pwr1_body0_rail0d98_open0_actual0_ph0_i0_tap0_dc_ampm50_f60_fuse1_macrofull_ptc40_grid0d5 300.29s
410/570 ok P1_t25_vo_v_k0_rs330_pwr1_body0_rail0d98_open0_actual0_ph0_i0_tap2_sine_amp50_f20000_fuse1_macrofull_ptc40_grid0d5 96.60s
415/570 timeout P1_t25_vo_v_k0_rs330_pwr1_body0_rail0d98_open0_actual0_ph0_i0_tap0_sine_amp50_f60_fuse1_macrofull_ptc40_grid0d5 300.32s
416/570 timeout P1_t25_vo_v_k0_rs330_pwr1_body0_rail0d98_open0_actual0_ph0_i0_tap0_sine_amp50_f20000_fuse1_macrofull_ptc40_grid0d5 300.25s
417/570 timeout P1_t25_vo_v_k0_rs330_pwr1_body0_rail0d98_open0_actual0_ph0_i0_tap1_dc_ampm50_f60_fuse1_macrofull_ptc40_grid0d5 300.27s
420/570 ok P1_t25_vo_leak_k1_rs330_pwr1_body0_rail0d98_opennever_actualnever_ph0_i1em06_tap6_load_amp230_f60_fuse1_macrofull_ptc60_grid0d5 218.73s
424/570 timeout P1_t25_vo_diode_k1_rs330_pwr1_body0_rail0d98_opennever_actualnever_ph0_i0d001_tap6_load_amp230_f60_fuse1_macrofull_ptc60_grid0d5 300.30s
429/570 timeout P1_t25_vo_v_k0_rs330_pwr1_body0_rail1_open0_actual0_ph0_i0_tap0_dc_ampm50_f60_fuse1_macrofull_ptc40_grid0d5 300.27s
430/570 timeout P1_t25_vo_v_k0_rs330_pwr1_body0_rail1_open0_actual0_ph0_i0_tap1_dc_ampm50_f60_fuse1_macrofull_ptc40_grid0d5 300.36s
433/570 timeout P1_t25_vo_v_k0_rs330_pwr1_body0_rail1_open0_actual0_ph0_i0_tap2_dc_ampm50_f60_fuse1_macrofull_ptc40_grid0d5 300.28s
436/570 timeout P1_t25_vo_diode_k1_rs330_pwr1_body0_rail1_opennever_actualnever_ph0_i0d001_tap6_load_amp230_f60_fuse1_macrofull_ptc40_grid0d5 300.33s
438/570 timeout P1_t25_vo_diode_k1_rs330_pwr1_body0_rail1_opennever_actualnever_ph0_i0d001_tap6_load_amp230_f60_fuse1_macrofull_ptc60_grid0d5 300.36s
439/570 timeout P1_t25_vo_leak_k1_rs330_pwr1_body0_rail1_opennever_actualnever_ph0_i1em06_tap6_load_amp230_f60_fuse1_macrofull_ptc40_grid0d5 300.30s
440/570 ok P1_t25_vo_v_k0_rs330_pwr1_body0_rail1d02_open0_actual0_ph0_i0_tap1_sine_amp50_f20000_fuse1_macrofull_ptc40_grid0d5 68.26s
442/570 timeout P1_t25_vo_leak_k1_rs330_pwr1_body0_rail1_opennever_actualnever_ph0_i1em06_tap6_load_amp230_f60_fuse1_macrofull_ptc60_grid0d5 300.31s
443/570 timeout P1_t25_vo_leak_k1_rs330_pwr1_body0_rail1_opennever_actualnever_ph0_i2em07_tap6_load_amp230_f60_fuse1_macrofull_ptc40_grid0d5 300.35s
446/570 timeout P1_t25_vo_v_k0_rs330_pwr1_body0_rail1d02_open0_actual0_ph0_i0_tap0_dc_ampm50_f60_fuse1_macrofull_ptc40_grid0d5 300.31s
450/570 ok P6_t25_vo_ohm_k1_rs100_pwr1_body0_rail0d98_open0_actual0d003_ph0_i0d001_tap6_esd_ampm4000_f60_fuse1_macroreduced_ptc60_grid0d5 2.81s
460/570 ok P6_t25_vo_v_k0_rs100_pwr1_body0_rail0d98_open0_actual0_ph0_i0_tap0_esd_amp8000_f60_fuse1_macroreduced_ptc40_grid0d5 2.77s
470/570 ok P6_t25_vo_ohm_k1_rs100_pwr1_body0_rail1_open0_actual0d003_ph0_i0d001_tap6_esd_amp4000_f60_fuse1_macroreduced_ptc60_grid0d5 3.03s
475/570 timeout P1_t25_vo_v_k0_rs330_pwr1_body0_rail1d02_open0_actual0_ph0_i0_tap1_dc_ampm50_f60_fuse1_macrofull_ptc40_grid0d5 300.34s
480/570 ok P6_t25_a_a_k0_rs100_pwr1_body0_rail1_open0_actual0_ph0_i0_tap4_esd_amp8000_f60_fuse1_macroreduced_ptc40_grid0d5 2.78s
490/570 ok P6_t25_vo_ohm_k1_rs100_pwr1_body0_rail1d02_open0_actual0d003_ph0_i0d001_tap6_esd_ampm8000_f60_fuse1_macroreduced_ptc40_grid0d5 2.80s
500/570 ok P1_t25_vo_leak_k1_rs330_pwr1_body0_rail1d02_opennever_actualnever_ph0_i1em06_tap6_load_amp230_f60_fuse1_macrofull_ptc40_grid0d5 188.16s
510/570 ok P6_t25_vo_v_k0_rs330_pwr1_body0_rail0d98_open0_actual0_ph0_i0_tap0_esd_amp8000_f60_fuse1_macroreduced_ptc40_grid0d5 3.06s
520/570 ok P6_t25_vo_ohm_k1_rs330_pwr1_body0_rail1_open0_actual0d003_ph0_i0d001_tap6_esd_amp4000_f60_fuse1_macroreduced_ptc40_grid0d5 3.02s
530/570 ok P6_t25_a_a_k0_rs330_pwr1_body0_rail1_open0_actual0_ph0_i0_tap4_esd_amp8000_f60_fuse1_macroreduced_ptc40_grid0d5 3.03s
540/570 ok P6_t25_vo_ohm_k1_rs330_pwr1_body0_rail1d02_open0_actual0d003_ph0_i0d001_tap6_esd_ampm8000_f60_fuse1_macroreduced_ptc40_grid0d5 3.29s
548/570 timeout P1_t25_vo_v_k0_rs330_pwr1_body0_rail1d02_open0_actual0_ph0_i0_tap2_dc_ampm50_f60_fuse1_macrofull_ptc40_grid0d5 300.28s
550/570 ok P1_t25_vo_leak_k1_rs330_pwr1_body0_rail1d02_opennever_actualnever_ph0_i2em07_tap6_load_amp230_f60_fuse1_macrofull_ptc60_grid0d5 223.26s
551/570 timeout P1_t25_vo_v_k0_rs330_pwr1_body0_rail1d02_open0_actual0_ph0_i0_tap2_dc_amp50_f60_fuse1_macrofull_ptc40_grid0d5 300.25s
552/570 timeout P1_t25_vo_diode_k1_rs330_pwr1_body0_rail1d02_opennever_actualnever_ph0_i0d001_tap6_load_amp230_f60_fuse1_macrofull_ptc40_grid0d5 300.26s
554/570 timeout P1_t25_vo_diode_k1_rs330_pwr1_body0_rail1d02_opennever_actualnever_ph0_i0d001_tap6_load_amp230_f60_fuse1_macrofull_ptc60_grid0d5 300.28s
560/570 ok P7_t25_vo_ohm_k1_rs100_pwr1_body0_rail1_opennever_actualnever_ph0_i0d001_tap6_mains_amp230_f60_fuse1_macroreduced_ptc60_grid0d5 79.27s
570/570 ok P7_t25_vo_ohm_k1_rs330_pwr1_body0_rail1d02_opennever_actualnever_ph0_i0d001_tap6_mains_amp230_f60_fuse1_macroreduced_ptc60_grid0d5 70.22s
{"total": 570, "ok": 536, "elapsed_s": 1969.3316897000186, "workers": 10, "timeout": 300.0, "thermal": {"Rcold": [40, 60], "G_per_ohm": 0.019600000000000003, "Ecrit_per_ohm": 0.9901676689864997, "tau": 50.51875862176018, "trip_1A_s": 1}, "csv": "C:\\Users\\Keneth\\Desktop\\S3G4 LAB\\S3G4_LAB_rev2.1\\03_simulaciones\\DMM\\resultados\\s11_1_campana_mixta.csv", "smoke": false}
