10/570 ok P3_t25_vo_ohm_k1_rs100_pwr1_body0_rail0d98_open0d1_actual0d10300000000000001_ph0_i1em06_tap6_mains_amp230_f60_fuse1_macroreduced_ptc60_grid0d5 71.72s
20/570 ok P3_t25_vo_ohm_k1_rs100_pwr1_body0_rail0d98_open0d02_actual0d023_ph90_i1em06_tap6_mains_amp230_f60_fuse1_macroreduced_ptc40_grid0d5 66.00s
30/570 ok P3_t25_vo_ohm_k1_rs100_pwr1_body0_rail0d98_open0d1_actual0d10300000000000001_ph90_i1em06_tap6_mains_amp230_f60_fuse1_macroreduced_ptc60_grid0d5 71.96s
40/570 ok P3_t25_vo_ohm_k1_rs100_pwr1_body0_rail1_open0d02_actual0d023_ph0_i1em06_tap6_mains_amp230_f60_fuse1_macroreduced_ptc60_grid0d5 66.97s
50/570 ok P3_t25_vo_ohm_k1_rs100_pwr1_body0_rail1_open0d1_actual0d10300000000000001_ph0_i0_tap6_mains_amp230_f60_fuse1_macroreduced_ptc60_grid0d5 74.24s
60/570 ok P3_t25_vo_ohm_k1_rs100_pwr1_body0_rail1_open0d02_actual0d023_ph90_i0_tap6_mains_amp230_f60_fuse1_macroreduced_ptc60_grid0d5 68.97s
70/570 ok P3_t25_vo_ohm_k1_rs100_pwr1_body0_rail1_opennever_actualnever_ph90_i1em06_tap6_mains_amp230_f60_fuse1_macroreduced_ptc60_grid0d5 75.49s
80/570 ok P3_t25_vo_ohm_k1_rs100_pwr1_body0_rail1d02_open0d1_actual0d10300000000000001_ph0_i1em06_tap6_mains_amp230_f60_fuse1_macroreduced_ptc40_grid0d5 69.96s
90/570 ok P3_t25_vo_ohm_k1_rs100_pwr1_body0_rail1d02_open0d02_actual0d023_ph90_i0d001_tap6_mains_amp230_f60_fuse1_macroreduced_ptc40_grid0d5 68.72s
100/570 ok P3_t25_vo_ohm_k1_rs330_pwr1_body0_rail0d98_open0d02_actual0d023_ph0_i0d001_tap6_mains_amp230_f60_fuse1_macroreduced_ptc40_grid0d5 61.97s
110/570 ok P3_t25_vo_ohm_k1_rs330_pwr1_body0_rail0d98_open0d02_actual0d023_ph0_i1em06_tap6_mains_amp230_f60_fuse1_macroreduced_ptc40_grid0d5 70.24s
120/570 ok P3_t25_vo_ohm_k1_rs330_pwr1_body0_rail0d98_opennever_actualnever_ph0_i0d001_tap6_mains_amp230_f60_fuse1_macroreduced_ptc40_grid0d5 70.22s
130/570 ok P3_t25_vo_ohm_k1_rs330_pwr1_body0_rail0d98_open0d02_actual0d023_ph90_i0_tap6_mains_amp230_f60_fuse1_macroreduced_ptc40_grid0d5 66.96s
140/570 ok P3_t25_vo_ohm_k1_rs330_pwr1_body0_rail0d98_opennever_actualnever_ph90_i1em06_tap6_mains_amp230_f60_fuse1_macroreduced_ptc40_grid0d5 69.22s
150/570 ok P3_t25_vo_ohm_k1_rs330_pwr1_body0_rail1_open0d02_actual0d023_ph0_i0_tap6_mains_amp230_f60_fuse1_macroreduced_ptc60_grid0d5 69.26s
160/570 ok P3_t25_vo_ohm_k1_rs330_pwr1_body0_rail1_opennever_actualnever_ph0_i1em06_tap6_mains_amp230_f60_fuse1_macroreduced_ptc60_grid0d5 73.73s
170/570 ok P3_t25_vo_ohm_k1_rs330_pwr1_body0_rail1_open0d1_actual0d10300000000000001_ph90_i1em06_tap6_mains_amp230_f60_fuse1_macroreduced_ptc40_grid0d5 68.98s
180/570 ok P3_t25_vo_ohm_k1_rs330_pwr1_body0_rail1d02_open0d02_actual0d023_ph0_i0d001_tap6_mains_amp230_f60_fuse1_macroreduced_ptc40_grid0d5 67.22s
190/570 ok P3_t25_vo_ohm_k1_rs330_pwr1_body0_rail1d02_open0d1_actual0d10300000000000001_ph0_i0_tap6_mains_amp230_f60_fuse1_macroreduced_ptc40_grid0d5 75.81s
200/570 ok P3_t25_vo_ohm_k1_rs330_pwr1_body0_rail1d02_open0d02_actual0d023_ph90_i0d001_tap6_mains_amp230_f60_fuse1_macroreduced_ptc60_grid0d5 68.46s
210/570 ok P2_t25_vo_v_k0_rs100_pwr1_body0_rail0d98_open0_actual0_ph0_i0_tap2_mains_amp230_f60_fuse1_macroreduced_ptc40_grid0d5 59.96s
220/570 ok P2_t25_vo_v_k0_rs100_pwr1_body0_rail0d98_open0_actual0_ph0_i0_tap1_mains_amp230_f60_fuse1_macroreduced_ptc40_grid0d5 64.46s
230/570 ok P2_t25_vo_v_k0_rs330_pwr1_body0_rail1_open0_actual0_ph0_i0_tap0_mains_amp230_f60_fuse1_macroreduced_ptc40_grid0d5 65.77s
240/570 ok P4_t25_vo_v_k0_rs100_pwr0_body1_rail0d98_open0_actual0_ph0_i0_tap1_mains_amp230_f60_fuse1_macroreduced_ptc40_grid0d5 73.97s
250/570 ok P4_t25_vo_v_k0_rs100_pwr0_body0_rail1_open0_actual0_ph0_i0_tap1_mains_amp230_f60_fuse1_macroreduced_ptc40_grid0d5 65.20s
260/570 ok P4_t25_vo_ohm_k0_rs100_pwr0_body1_rail1d02_open0_actual0_ph0_i0_tap0_mains_amp230_f60_fuse1_macroreduced_ptc40_grid0d5 65.73s
270/570 ok P4_t25_vo_v_k0_rs100_pwr0_body1_rail1d02_open0_actual0_ph0_i0_tap2_mains_amp230_f60_fuse1_macroreduced_ptc40_grid0d5 65.21s
280/570 ok P4_t25_vo_ohm_k0_rs330_pwr0_body0_rail0d98_open0_actual0_ph0_i0_tap2_mains_amp230_f60_fuse1_macroreduced_ptc40_grid0d5 74.76s
290/570 ok P4_t25_vo_ohm_k0_rs330_pwr0_body1_rail1_open0_actual0_ph0_i0_tap1_mains_amp230_f60_fuse1_macroreduced_ptc40_grid0d5 66.21s
