10/570 ok P3_t25_vo_ohm_k1_rs100_pwr1_body0_rail0d98_open0d1_actual0d10300000000000001_ph0_i0_tap6_mains_amp230_f60_fuse1_macroreduced_ptc60_grid0d5 72.43s
20/570 ok P3_t25_vo_ohm_k1_rs100_pwr1_body0_rail0d98_open0d02_actual0d023_ph90_i1em06_tap6_mains_amp230_f60_fuse1_macroreduced_ptc40_grid0d5 66.00s
30/570 ok P3_t25_vo_ohm_k1_rs100_pwr1_body0_rail0d98_opennever_actualnever_ph90_i0d001_tap6_mains_amp230_f60_fuse1_macroreduced_ptc40_grid0d5 67.46s
40/570 ok P3_t25_vo_ohm_k1_rs100_pwr1_body0_rail1_open0d02_actual0d023_ph0_i1em06_tap6_mains_amp230_f60_fuse1_macroreduced_ptc60_grid0d5 66.97s
50/570 ok P3_t25_vo_ohm_k1_rs100_pwr1_body0_rail1_opennever_actualnever_ph0_i0d001_tap6_mains_amp230_f60_fuse1_macroreduced_ptc60_grid0d5 75.48s
60/570 ok P3_t25_vo_ohm_k1_rs100_pwr1_body0_rail1_open0d02_actual0d023_ph90_i0_tap6_mains_amp230_f60_fuse1_macroreduced_ptc60_grid0d5 68.97s
70/570 ok P3_t25_vo_ohm_k1_rs100_pwr1_body0_rail1_opennever_actualnever_ph90_i1em06_tap6_mains_amp230_f60_fuse1_macroreduced_ptc40_grid0d5 70.97s
80/570 ok P3_t25_vo_ohm_k1_rs100_pwr1_body0_rail1d02_open0d1_actual0d10300000000000001_ph0_i0d001_tap6_mains_amp230_f60_fuse1_macroreduced_ptc60_grid0d5 75.99s
90/570 ok P3_t25_vo_ohm_k1_rs100_pwr1_body0_rail1d02_opennever_actualnever_ph0_i1em06_tap6_mains_amp230_f60_fuse1_macroreduced_ptc60_grid0d5 75.50s
100/570 ok P3_t25_vo_ohm_k1_rs100_pwr1_body0_rail1d02_open0d1_actual0d10300000000000001_ph90_i1em06_tap6_mains_amp230_f60_fuse1_macroreduced_ptc60_grid0d5 79.02s
110/570 ok P3_t25_vo_ohm_k1_rs330_pwr1_body0_rail0d98_open0d02_actual0d023_ph0_i0d001_tap6_mains_amp230_f60_fuse1_macroreduced_ptc60_grid0d5 70.21s
120/570 ok P3_t25_vo_ohm_k1_rs330_pwr1_body0_rail0d98_open0d1_actual0d10300000000000001_ph0_i0_tap6_mains_amp230_f60_fuse1_macroreduced_ptc40_grid0d5 69.23s
130/570 ok P3_t25_vo_ohm_k1_rs330_pwr1_body0_rail0d98_open0d1_actual0d10300000000000001_ph90_i0d001_tap6_mains_amp230_f60_fuse1_macroreduced_ptc40_grid0d5 68.70s
140/570 ok P3_t25_vo_ohm_k1_rs330_pwr1_body0_rail0d98_opennever_actualnever_ph90_i0d001_tap6_mains_amp230_f60_fuse1_macroreduced_ptc40_grid0d5 69.99s
150/570 ok P3_t25_vo_ohm_k1_rs330_pwr1_body0_rail1_open0d02_actual0d023_ph0_i0_tap6_mains_amp230_f60_fuse1_macroreduced_ptc40_grid0d5 68.99s
160/570 ok P3_t25_vo_ohm_k1_rs330_pwr1_body0_rail1_opennever_actualnever_ph0_i0d001_tap6_mains_amp230_f60_fuse1_macroreduced_ptc60_grid0d5 73.47s
170/570 ok P3_t25_vo_ohm_k1_rs330_pwr1_body0_rail1_open0d02_actual0d023_ph90_i0_tap6_mains_amp230_f60_fuse1_macroreduced_ptc60_grid0d5 67.24s
180/570 ok P3_t25_vo_ohm_k1_rs330_pwr1_body0_rail1d02_open0d02_actual0d023_ph0_i0d001_tap6_mains_amp230_f60_fuse1_macroreduced_ptc40_grid0d5 67.22s
190/570 ok P3_t25_vo_ohm_k1_rs330_pwr1_body0_rail1d02_open0d1_actual0d10300000000000001_ph0_i0_tap6_mains_amp230_f60_fuse1_macroreduced_ptc60_grid0d5 79.54s
200/570 ok P3_t25_vo_ohm_k1_rs330_pwr1_body0_rail1d02_open0d02_actual0d023_ph90_i0_tap6_mains_amp230_f60_fuse1_macroreduced_ptc40_grid0d5 66.70s
210/570 ok P3_t25_vo_ohm_k1_rs330_pwr1_body0_rail1d02_opennever_actualnever_ph90_i1em06_tap6_mains_amp230_f60_fuse1_macroreduced_ptc40_grid0d5 68.74s
220/570 ok P2_t25_vo_v_k0_rs100_pwr1_body0_rail0d98_open0_actual0_ph0_i0_tap1_mains_amp230_f60_fuse1_macroreduced_ptc40_grid0d5 64.46s
230/570 ok P2_t25_vo_v_k0_rs330_pwr1_body0_rail1d02_open0_actual0_ph0_i0_tap1_mains_amp230_f60_fuse1_macroreduced_ptc40_grid0d5 66.22s
240/570 ok P4_t25_vo_ohm_k0_rs100_pwr0_body0_rail0d98_open0_actual0_ph0_i0_tap1_mains_amp230_f60_fuse1_macroreduced_ptc40_grid0d5 72.75s
250/570 ok P4_t25_vo_ohm_k0_rs100_pwr0_body0_rail1_open0_actual0_ph0_i0_tap0_mains_amp230_f60_fuse1_macroreduced_ptc40_grid0d5 64.98s
260/570 ok P4_t25_vo_ohm_k0_rs100_pwr0_body1_rail1_open0_actual0_ph0_i0_tap2_mains_amp230_f60_fuse1_macroreduced_ptc40_grid0d5 65.99s
270/570 ok P4_t25_vo_v_k0_rs100_pwr0_body0_rail1d02_open0_actual0_ph0_i0_tap2_mains_amp230_f60_fuse1_macroreduced_ptc40_grid0d5 66.25s
280/570 ok P4_t25_vo_ohm_k0_rs330_pwr0_body1_rail0d98_open0_actual0_ph0_i0_tap1_mains_amp230_f60_fuse1_macroreduced_ptc40_grid0d5 74.76s
290/570 ok P4_t25_vo_v_k0_rs330_pwr0_body1_rail1_open0_actual0_ph0_i0_tap1_mains_amp230_f60_fuse1_macroreduced_ptc40_grid0d5 66.97s
300/570 ok P4_t25_vo_v_k0_rs330_pwr0_body1_rail1d02_open0_actual0_ph0_i0_tap1_mains_amp230_f60_fuse1_macroreduced_ptc40_grid0d5 67.21s
310/570 ok P5_t25_a_v_k0_rs100_pwr1_body0_rail0d98_open0_actual0_ph90_i0_tap4_mains_amp230_f60_fuse1_macroreduced_ptc40_grid2 3.85s
320/570 ok P5_t25_a_v_k0_rs100_pwr1_body0_rail1_open0_actual0_ph90_i0_tap4_mains_amp230_f60_fuse1_macroreduced_ptc40_grid1 4.03s
330/570 ok P5_t25_a_v_k0_rs330_pwr1_body0_rail0d98_open0_actual0_ph90_i0_tap4_mains_amp230_f60_fuse1_macroreduced_ptc40_grid2 3.53s
340/570 ok P5_t25_a_v_k0_rs330_pwr1_body0_rail1d02_open0_actual0_ph0_i0_tap4_mains_amp230_f60_fuse1_macroreduced_ptc40_grid2 3.53s
350/570 ok P1_t25_vo_v_k0_rs100_pwr1_body0_rail0d98_open0_actual0_ph0_i0_tap1_sine_amp50_f60_fuse1_macrofull_ptc40_grid0d5 80.29s
358/570 timeout P1_t25_vo_v_k0_rs100_pwr1_body0_rail0d98_open0_actual0_ph0_i0_tap0_dc_ampm50_f60_fuse1_macrofull_ptc40_grid0d5 300.26s
359/570 timeout P1_t25_vo_v_k0_rs100_pwr1_body0_rail0d98_open0_actual0_ph0_i0_tap0_sine_amp50_f60_fuse1_macrofull_ptc40_grid0d5 300.27s
360/570 timeout P1_t25_vo_v_k0_rs100_pwr1_body0_rail0d98_open0_actual0_ph0_i0_tap0_sine_amp50_f20000_fuse1_macrofull_ptc40_grid0d5 300.46s
363/570 timeout P1_t25_vo_v_k0_rs100_pwr1_body0_rail0d98_open0_actual0_ph0_i0_tap1_dc_ampm50_f60_fuse1_macrofull_ptc40_grid0d5 300.27s
370/570 ok P1_t25_vo_v_k0_rs100_pwr1_body0_rail1_open0_actual0_ph0_i0_tap0_dc_amp50_f60_fuse1_macrofull_ptc40_grid0d5 183.64s
