ERC report (2026-10-04T12:31:45, Encoding UTF8)
Report includes: Errors, Warnings, Exclusions

***** Sheet /
[power_pin_not_driven]: Input Power pin not driven by any Output Power pins
    ; error
    @(368.30 mm, 246.38 mm): Symbol U106 Pin 6 [V+, Power input, Line]
[power_pin_not_driven]: Input Power pin not driven by any Output Power pins
    ; error
    @(381.00 mm, 48.26 mm): Symbol U101 Pin 5 [V+, Power input, Line]
[power_pin_not_driven]: Input Power pin not driven by any Output Power pins
    ; error
    @(381.00 mm, 63.50 mm): Symbol U101 Pin 2 [V-, Power input, Line]
[pin_not_driven]: Input pin not driven by any Output pins
    ; error
    @(510.54 mm, 63.50 mm): Symbol U102 Pin 11 [S0, Input, Line]
[pin_not_driven]: Input pin not driven by any Output pins
    ; error
    @(510.54 mm, 66.04 mm): Symbol U102 Pin 10 [S1, Input, Line]
[pin_not_driven]: Input pin not driven by any Output pins
    ; error
    @(510.54 mm, 68.58 mm): Symbol U102 Pin 9 [S2, Input, Line]
[power_pin_not_driven]: Input Power pin not driven by any Output Power pins
    ; error
    @(518.16 mm, 81.28 mm): Symbol U102 Pin 8 [GND, Power input, Line]
[isolated_pin_label]: Label connected to only one pin
    ; warning
    @(156.21 mm, 137.16 mm): Global Label 'CH1_K_CTRL'
[isolated_pin_label]: Label connected to only one pin
    ; warning
    @(298.45 mm, 243.84 mm): Global Label 'CH1_OFFSET_DAC'
[isolated_pin_label]: Label connected to only one pin
    ; warning
    @(508.00 mm, 63.50 mm): Global Label 'CH1_SENSEL_A'
[isolated_pin_label]: Label connected to only one pin
    ; warning
    @(508.00 mm, 66.04 mm): Global Label 'CH1_SENSEL_B'
[isolated_pin_label]: Label connected to only one pin
    ; warning
    @(508.00 mm, 68.58 mm): Global Label 'CH1_SENSEL_C'

 ** ERC messages: 12  Errors 7  Warnings 5

 ** Ignored checks:
    - Global label only appears once in the schematic
    - Four connection points are joined together
    - SPICE model issue
    - Assigned footprint doesn't match footprint filters
