ERC report (2026-10-05T23:22:32, Encoding UTF8)
Report includes: Errors, Warnings, Exclusions

***** Sheet /
[power_pin_not_driven]: Input Power pin not driven by any Output Power pins
    ; error
    @(17.78 mm, 66.04 mm): Symbol #PWR001 Pin 1 [Power input, Line]
[power_pin_not_driven]: Input Power pin not driven by any Output Power pins
    ; error
    @(116.84 mm, 127.00 mm): Symbol #PWR004 Pin 1 [Power input, Line]
[power_pin_not_driven]: Input Power pin not driven by any Output Power pins
    ; error
    @(172.72 mm, 88.90 mm): Symbol #PWR006 Pin 1 [Power input, Line]
[power_pin_not_driven]: Input Power pin not driven by any Output Power pins
    ; error
    @(172.72 mm, 104.14 mm): Symbol #PWR007 Pin 1 [Power input, Line]
[power_pin_not_driven]: Input Power pin not driven by any Output Power pins
    ; error
    @(181.61 mm, 96.52 mm): Symbol #PWR009 Pin 1 [Power input, Line]
[power_pin_not_driven]: Input Power pin not driven by any Output Power pins
    ; error
    @(302.26 mm, 160.02 mm): Symbol #PWR019 Pin 1 [Power input, Line]
[power_pin_not_driven]: Input Power pin not driven by any Output Power pins
    ; error
    @(330.20 mm, 269.24 mm): Symbol #PWR040 Pin 1 [Power input, Line]
[pin_not_driven]: Input pin not driven by any Output pins
    ; error
    @(337.82 mm, 111.76 mm): Symbol U102 Pin 11 [S0, Input, Line]
[pin_not_driven]: Input pin not driven by any Output pins
    ; error
    @(337.82 mm, 114.30 mm): Symbol U102 Pin 10 [S1, Input, Line]
[pin_not_driven]: Input pin not driven by any Output pins
    ; error
    @(337.82 mm, 116.84 mm): Symbol U102 Pin 9 [S2, Input, Line]
[isolated_pin_label]: Label connected to only one pin
    ; warning
    @(97.79 mm, 121.92 mm): Global Label 'CH1_K_CTRL'
[isolated_pin_label]: Label connected to only one pin
    ; warning
    @(284.48 mm, 266.70 mm): Global Label 'CH1_OFFSET_DAC'
[isolated_pin_label]: Label connected to only one pin
    ; warning
    @(340.36 mm, 111.76 mm): Global Label 'CH1_SENSEL_A'
[isolated_pin_label]: Label connected to only one pin
    ; warning
    @(340.36 mm, 114.30 mm): Global Label 'CH1_SENSEL_B'
[isolated_pin_label]: Label connected to only one pin
    ; warning
    @(340.36 mm, 116.84 mm): Global Label 'CH1_SENSEL_C'

 ** ERC messages: 15  Errors 10  Warnings 5

 ** Ignored checks:
    - Global label only appears once in the schematic
    - Four connection points are joined together
    - SPICE model issue
    - Assigned footprint doesn't match footprint filters
