LTspice 26.0.2 for Windows
Circuit: C:\Users\Keneth\Desktop\S3G4 LAB\S3G4_LAB_rev2.1\03_simulaciones\P4_P7_grueso\P7_sin_rele\T02_respuesta.net
Start Time: Thu Sep 24 08:04:51 2026
solver = Normal
Maximum thread count: 12
tnom = 27
temp = 27
method = trap
Direct Newton iteration succeeded in finding operating point.
Total elapsed time: 0.212 seconds.

Files loaded:
C:\Users\Keneth\Desktop\S3G4 LAB\S3G4_LAB_rev2.1\03_simulaciones\P4_P7_grueso\P7_sin_rele\T02_respuesta.net
C:\Users\Keneth\Desktop\S3G4 LAB\S3G4_LAB_rev2.1\03_simulaciones\P4_P7_grueso\comun\rev21_comun.inc
C:\Users\Keneth\AppData\Local\LTspice\lib\sub\UniversalOpAmp2.lib

p7_s5_g100: mag(V(SALs5)) =(33.9768787662dB,0°) at 100
p7_s5_g100k: mag(V(SALs5)) =(32.7719666037dB,0°) at 100000
p7_s5_g1m5: mag(V(SALs5)) =(32.5478580131dB,0°) at 1500000
p7_s5_gmax: MAX(mag(V(SALs5)) )=(33.9769343687dB,0°) FROM 10 TO 100000
p7_s5_gmin: MIN(mag(V(SALs5)) )=(32.7719666037dB,0°) FROM 10 TO 100000
p7_s5_peak: MAX(mag(V(SALs5)) )=(33.9769343687dB,0°) FROM 10 TO 100000000
p7_s5_f3: mag(V(SALs5))=50/sqrt(2)  AT 4689770.37936
p7_s200_g100: mag(V(SALs200)) =(1.92094156077dB,0°) at 100
p7_s200_g100k: mag(V(SALs200)) =(0.719075800982dB,0°) at 100000
p7_s200_g1m5: mag(V(SALs200)) =(0.493391357758dB,0°) at 1500000
p7_s200_gmax: MAX(mag(V(SALs200)) )=(1.92099700192dB,0°) FROM 10 TO 100000
p7_s200_gmin: MIN(mag(V(SALs200)) )=(0.719075800982dB,0°) FROM 10 TO 100000
p7_s200_peak: MAX(mag(V(SALs200)) )=(1.92099700192dB,0°) FROM 10 TO 100000000
p7_s200_f3: mag(V(SALs200))=1.25/sqrt(2)  AT 4650699.10136
p7_s500_g100: mag(V(SALs500)) =(-6.02287872395dB,0°) at 100
p7_s500_g100k: mag(V(SALs500)) =(-6.01564815395dB,0°) at 100000
p7_s500_g1m5: mag(V(SALs500)) =(-5.54118067927dB,0°) at 1500000
p7_s500_gmax: MAX(mag(V(SALs500)) )=(-6.01564815395dB,0°) FROM 10 TO 100000
p7_s500_gmin: MIN(mag(V(SALs500)) )=(-6.02287898411dB,0°) FROM 10 TO 100000
p7_s500_peak: MAX(mag(V(SALs500)) )=(-2.81950416734dB,0°) FROM 10 TO 100000000
p7_s500_f3: mag(V(SALs500))=0.5/sqrt(2)  AT 29517477.7586
p7_s5v_g100: mag(V(SALs5v)) =(-26.0289515438dB,0°) at 100
p7_s5v_g100k: mag(V(SALs5v)) =(-26.0217413727dB,0°) at 100000
p7_s5v_g1m5: mag(V(SALs5v)) =(-25.5518128503dB,0°) at 1500000
p7_s5v_gmax: MAX(mag(V(SALs5v)) )=(-26.0217413727dB,0°) FROM 10 TO 100000
p7_s5v_gmin: MIN(mag(V(SALs5v)) )=(-26.0289518039dB,0°) FROM 10 TO 100000
p7_s5v_peak: MAX(mag(V(SALs5v)) )=(-22.9542164599dB,0°) FROM 10 TO 100000000
p7_s5v_f3: mag(V(SALs5v))=0.05/sqrt(2)  AT 26191584.4216
