LTspice 26.0.2 for Windows
Circuit: C:\Users\Keneth\Desktop\S3G4 LAB\S3G4_LAB_rev2.1\03_simulaciones\P4_P7_grueso\P7_sin_rele\T04_ruido.net
Start Time: Thu Sep 24 08:05:19 2026

.step sc=1
solver = Normal
Maximum thread count: 12
tnom = 27
temp = 27
method = trap
Direct Newton iteration succeeded in finding operating point.

.step sc=2
Direct Newton iteration succeeded in finding operating point.

.step sc=3
Direct Newton iteration succeeded in finding operating point.
Total elapsed time: 0.257 seconds.

Files loaded:
C:\Users\Keneth\Desktop\S3G4 LAB\S3G4_LAB_rev2.1\03_simulaciones\P4_P7_grueso\P7_sin_rele\T04_ruido.net
C:\Users\Keneth\Desktop\S3G4 LAB\S3G4_LAB_rev2.1\03_simulaciones\P4_P7_grueso\comun\rev21_comun.inc
C:\Users\Keneth\AppData\Local\LTspice\lib\sub\UniversalOpAmp2.lib


Measurement: p7_noise_integrated
  step	INTEG(V(onoise))	FROM	TO
     1	0.0022254677289	10	50000000
     2	0.00113029947031	10	50000000
     3	0.00178636138899	10	50000000
