LTspice 26.0.2 for Windows
Circuit: C:\Users\Keneth\Desktop\S3G4 LAB\S3G4_LAB_rev2.1\03_simulaciones\P4_P7_grueso\P4_rele\T03_escalon.net
Start Time: Thu Sep 24 08:02:22 2026
Options:noopiter
solver = Normal
Maximum thread count: 12
tnom = 27
temp = 27
method = trap
noOpIter = true
Laplace(xcs5:EAAF): Window=5.3458802µs Nfft=16384
Laplace(xcs500:EAAF): Window=5.3458802µs Nfft=16384
Direct Newton iteration for .op point skipped.
Starting Gmin stepping
Gmin stepping succeeded in finding the operating point.

Total elapsed time: 21.207 seconds.

Files loaded:
C:\Users\Keneth\Desktop\S3G4 LAB\S3G4_LAB_rev2.1\03_simulaciones\P4_P7_grueso\P4_rele\T03_escalon.net
C:\Users\Keneth\Desktop\S3G4 LAB\S3G4_LAB_rev2.1\03_simulaciones\P4_P7_grueso\comun\rev21_comun.inc
C:\Users\Keneth\AppData\Local\LTspice\lib\sub\UniversalOpAmp2.lib

p4_s5_v2us: V(SALs5) =0.739566388288 at 0.00100201
p4_s5_v20us: V(SALs5) =0.740021277667 at 0.00102001
p4_s5_v200us: V(SALs5) =0.741954302413 at 0.00120001
p4_s5_vsettled: V(SALs5) =0.742286503315 at 0.00140001
p4_s500_v2us: V(SALs500) =0.868506053161 at 0.00100201
p4_s500_v20us: V(SALs500) =0.769177037382 at 0.00102001
p4_s500_v200us: V(SALs500) =0.749835908413 at 0.00120001
p4_s500_vsettled: V(SALs500) =0.749834358692 at 0.00140001
