LTspice 26.0.2 for Windows
Circuit: C:\Users\Keneth\Desktop\S3G4 LAB\S3G4_LAB_rev2.1\03_simulaciones\P4_P7_grueso\P4_rele\T04_ruido.net
Start Time: Thu Sep 24 08:02:44 2026

.step sc=1
solver = Normal
Maximum thread count: 12
tnom = 27
temp = 27
method = trap
Direct Newton iteration succeeded in finding operating point.

.step sc=2
Direct Newton iteration succeeded in finding operating point.

.step sc=3
Direct Newton iteration succeeded in finding operating point.
Total elapsed time: 0.162 seconds.

Files loaded:
C:\Users\Keneth\Desktop\S3G4 LAB\S3G4_LAB_rev2.1\03_simulaciones\P4_P7_grueso\P4_rele\T04_ruido.net
C:\Users\Keneth\Desktop\S3G4 LAB\S3G4_LAB_rev2.1\03_simulaciones\P4_P7_grueso\comun\rev21_comun.inc
C:\Users\Keneth\AppData\Local\LTspice\lib\sub\UniversalOpAmp2.lib


Measurement: p4_noise_integrated
  step	INTEG(V(onoise))	FROM	TO
     1	0.000768963690221	10	50000000
     2	0.000578580939566	10	50000000
     3	0.000766353820581	10	50000000
